Archive member included to satisfy reference by file (symbol)

/home/ricardo/opt/gnu-mcu-eclipse/arm-none-eabi-gcc/7.3.1-1.1-20180724-0637/bin/../lib/gcc/arm-none-eabi/7.3.1/../../../../arm-none-eabi/lib/thumb/v7e-m/fpv4-sp/hard/libc_nano.a(lib_a-exit.o)
                              /home/ricardo/opt/gnu-mcu-eclipse/arm-none-eabi-gcc/7.3.1-1.1-20180724-0637/bin/../lib/gcc/arm-none-eabi/7.3.1/../../../../arm-none-eabi/lib/thumb/v7e-m/fpv4-sp/hard/crt0.o (exit)
/home/ricardo/opt/gnu-mcu-eclipse/arm-none-eabi-gcc/7.3.1-1.1-20180724-0637/bin/../lib/gcc/arm-none-eabi/7.3.1/../../../../arm-none-eabi/lib/thumb/v7e-m/fpv4-sp/hard/libc_nano.a(lib_a-impure.o)
                              /home/ricardo/opt/gnu-mcu-eclipse/arm-none-eabi-gcc/7.3.1-1.1-20180724-0637/bin/../lib/gcc/arm-none-eabi/7.3.1/../../../../arm-none-eabi/lib/thumb/v7e-m/fpv4-sp/hard/libc_nano.a(lib_a-exit.o) (_global_impure_ptr)
/home/ricardo/opt/gnu-mcu-eclipse/arm-none-eabi-gcc/7.3.1-1.1-20180724-0637/bin/../lib/gcc/arm-none-eabi/7.3.1/../../../../arm-none-eabi/lib/thumb/v7e-m/fpv4-sp/hard/libc_nano.a(lib_a-init.o)
                              /home/ricardo/opt/gnu-mcu-eclipse/arm-none-eabi-gcc/7.3.1-1.1-20180724-0637/bin/../lib/gcc/arm-none-eabi/7.3.1/../../../../arm-none-eabi/lib/thumb/v7e-m/fpv4-sp/hard/crt0.o (__libc_init_array)
/home/ricardo/opt/gnu-mcu-eclipse/arm-none-eabi-gcc/7.3.1-1.1-20180724-0637/bin/../lib/gcc/arm-none-eabi/7.3.1/../../../../arm-none-eabi/lib/thumb/v7e-m/fpv4-sp/hard/libc_nano.a(lib_a-memcpy-stub.o)
                              _build/esb_light/esb.c.o (memcpy)
/home/ricardo/opt/gnu-mcu-eclipse/arm-none-eabi-gcc/7.3.1-1.1-20180724-0637/bin/../lib/gcc/arm-none-eabi/7.3.1/../../../../arm-none-eabi/lib/thumb/v7e-m/fpv4-sp/hard/libc_nano.a(lib_a-memset.o)
                              /home/ricardo/opt/gnu-mcu-eclipse/arm-none-eabi-gcc/7.3.1-1.1-20180724-0637/bin/../lib/gcc/arm-none-eabi/7.3.1/../../../../arm-none-eabi/lib/thumb/v7e-m/fpv4-sp/hard/crt0.o (memset)
/home/ricardo/opt/gnu-mcu-eclipse/arm-none-eabi-gcc/7.3.1-1.1-20180724-0637/bin/../lib/gcc/arm-none-eabi/7.3.1/../../../../arm-none-eabi/lib/thumb/v7e-m/fpv4-sp/hard/libc_nano.a(lib_a-vsnprintf.o)
                              _build/esb_light/debug_swo.c.o (vsnprintf)
/home/ricardo/opt/gnu-mcu-eclipse/arm-none-eabi-gcc/7.3.1-1.1-20180724-0637/bin/../lib/gcc/arm-none-eabi/7.3.1/../../../../arm-none-eabi/lib/thumb/v7e-m/fpv4-sp/hard/libc_nano.a(lib_a-nano-svfprintf.o)
                              /home/ricardo/opt/gnu-mcu-eclipse/arm-none-eabi-gcc/7.3.1-1.1-20180724-0637/bin/../lib/gcc/arm-none-eabi/7.3.1/../../../../arm-none-eabi/lib/thumb/v7e-m/fpv4-sp/hard/libc_nano.a(lib_a-vsnprintf.o) (_svfprintf_r)
/home/ricardo/opt/gnu-mcu-eclipse/arm-none-eabi-gcc/7.3.1-1.1-20180724-0637/bin/../lib/gcc/arm-none-eabi/7.3.1/../../../../arm-none-eabi/lib/thumb/v7e-m/fpv4-sp/hard/libc_nano.a(lib_a-nano-vfprintf_i.o)
                              /home/ricardo/opt/gnu-mcu-eclipse/arm-none-eabi-gcc/7.3.1-1.1-20180724-0637/bin/../lib/gcc/arm-none-eabi/7.3.1/../../../../arm-none-eabi/lib/thumb/v7e-m/fpv4-sp/hard/libc_nano.a(lib_a-nano-svfprintf.o) (_printf_i)
/home/ricardo/opt/gnu-mcu-eclipse/arm-none-eabi-gcc/7.3.1-1.1-20180724-0637/bin/../lib/gcc/arm-none-eabi/7.3.1/../../../../arm-none-eabi/lib/thumb/v7e-m/fpv4-sp/hard/libc_nano.a(lib_a-memchr.o)
                              /home/ricardo/opt/gnu-mcu-eclipse/arm-none-eabi-gcc/7.3.1-1.1-20180724-0637/bin/../lib/gcc/arm-none-eabi/7.3.1/../../../../arm-none-eabi/lib/thumb/v7e-m/fpv4-sp/hard/libc_nano.a(lib_a-nano-svfprintf.o) (memchr)
/home/ricardo/opt/gnu-mcu-eclipse/arm-none-eabi-gcc/7.3.1-1.1-20180724-0637/bin/../lib/gcc/arm-none-eabi/7.3.1/../../../../arm-none-eabi/lib/thumb/v7e-m/fpv4-sp/hard/libc_nano.a(lib_a-memmove.o)
                              /home/ricardo/opt/gnu-mcu-eclipse/arm-none-eabi-gcc/7.3.1-1.1-20180724-0637/bin/../lib/gcc/arm-none-eabi/7.3.1/../../../../arm-none-eabi/lib/thumb/v7e-m/fpv4-sp/hard/libc_nano.a(lib_a-nano-svfprintf.o) (memmove)
/home/ricardo/opt/gnu-mcu-eclipse/arm-none-eabi-gcc/7.3.1-1.1-20180724-0637/bin/../lib/gcc/arm-none-eabi/7.3.1/../../../../arm-none-eabi/lib/thumb/v7e-m/fpv4-sp/hard/libc_nano.a(lib_a-nano-freer.o)
                              /home/ricardo/opt/gnu-mcu-eclipse/arm-none-eabi-gcc/7.3.1-1.1-20180724-0637/bin/../lib/gcc/arm-none-eabi/7.3.1/../../../../arm-none-eabi/lib/thumb/v7e-m/fpv4-sp/hard/libc_nano.a(lib_a-nano-svfprintf.o) (_free_r)
/home/ricardo/opt/gnu-mcu-eclipse/arm-none-eabi-gcc/7.3.1-1.1-20180724-0637/bin/../lib/gcc/arm-none-eabi/7.3.1/../../../../arm-none-eabi/lib/thumb/v7e-m/fpv4-sp/hard/libc_nano.a(lib_a-nano-mallocr.o)
                              /home/ricardo/opt/gnu-mcu-eclipse/arm-none-eabi-gcc/7.3.1-1.1-20180724-0637/bin/../lib/gcc/arm-none-eabi/7.3.1/../../../../arm-none-eabi/lib/thumb/v7e-m/fpv4-sp/hard/libc_nano.a(lib_a-nano-svfprintf.o) (_malloc_r)
[...]
Memory Configuration

Name             Origin             Length             Attributes
FLASH            0x0000000000000000 0x0000000000100000 xr
RAM              0x0000000020000000 0x0000000000040000 xrw
*default*        0x0000000000000000 0xffffffffffffffff

Linker script and memory map


.text           0x0000000000000000     0x4d8c
 *(.isr_vector)
 .isr_vector    0x0000000000000000      0x200 _build/esb_light/gcc_startup_nrf52840.S.o
                0x0000000000000000                __isr_vector
 *(.text*)
 .text.deregister_tm_clones
                0x0000000000000200       0x1c /home/ricardo/opt/gnu-mcu-eclipse/arm-none-eabi-gcc/7.3.1-1.1-20180724-0637/bin/../lib/gcc/arm-none-eabi/7.3.1/thumb/v7e-m/fpv4-sp/hard/crtbegin.o
 .text.register_tm_clones
                0x000000000000021c       0x24 /home/ricardo/opt/gnu-mcu-eclipse/arm-none-eabi-gcc/7.3.1-1.1-20180724-0637/bin/../lib/gcc/arm-none-eabi/7.3.1/thumb/v7e-m/fpv4-sp/hard/crtbegin.o
 .text.__do_global_dtors_aux
                0x0000000000000240       0x28 /home/ricardo/opt/gnu-mcu-eclipse/arm-none-eabi-gcc/7.3.1-1.1-20180724-0637/bin/../lib/gcc/arm-none-eabi/7.3.1/thumb/v7e-m/fpv4-sp/hard/crtbegin.o
 .text.frame_dummy
                0x0000000000000268       0x24 /home/ricardo/opt/gnu-mcu-eclipse/arm-none-eabi-gcc/7.3.1-1.1-20180724-0637/bin/../lib/gcc/arm-none-eabi/7.3.1/thumb/v7e-m/fpv4-sp/hard/crtbegin.o
 .text          0x000000000000028c       0x74 /home/ricardo/opt/gnu-mcu-eclipse/arm-none-eabi-gcc/7.3.1-1.1-20180724-0637/bin/../lib/gcc/arm-none-eabi/7.3.1/../../../../arm-none-eabi/lib/thumb/v7e-m/fpv4-sp/hard/crt0.o
                0x000000000000028c                _mainCRTStartup
                0x000000000000028c                _start
 .text.nrf_gpio_pin_port_decode
                0x0000000000000300       0x34 _build/esb_light/main.c.o
 .text.nrf_gpio_cfg
                0x0000000000000334       0x54 _build/esb_light/main.c.o
 .text.nrf_gpio_cfg_output
                0x0000000000000388       0x24 _build/esb_light/main.c.o
 .text.nrf_gpio_pin_set
                0x00000000000003ac       0x2a _build/esb_light/main.c.o
 .text.nrf_gpio_pin_clear
                0x00000000000003d6       0x2a _build/esb_light/main.c.o
 .text.nrf_gpio_port_out_set
                0x0000000000000400       0x1e _build/esb_light/main.c.o
 .text.nrf_gpio_port_out_clear
                0x000000000000041e       0x1e _build/esb_light/main.c.o
 .text.esb_listener_callback
                0x000000000000043c       0x28 _build/esb_light/main.c.o
 .text.button_handler
                0x0000000000000464       0x28 _build/esb_light/main.c.o
 .text.clocks_start
                0x000000000000048c       0x2e _build/esb_light/main.c.o
                0x000000000000048c                clocks_start
 *fill*         0x00000000000004ba        0x2 
 .text.gpio_init
                0x00000000000004bc       0x60 _build/esb_light/main.c.o
                0x00000000000004bc                gpio_init
 .text.rf_antenna_init
                0x000000000000051c       0x20 _build/esb_light/main.c.o
                0x000000000000051c                rf_antenna_init
 .text.main     0x000000000000053c       0x60 _build/esb_light/main.c.o
                0x000000000000053c                main
 .text.timeout_timer_handler
                0x000000000000059c       0x38 _build/esb_light/timebase.c.o
 .text.timebase_init
                0x00000000000005d4       0x48 _build/esb_light/timebase.c.o
                0x00000000000005d4                timebase_init
 .text.nrf_esb_event_handler
                0x000000000000061c       0xc0 _build/esb_light/esb.c.o
 .text.esb_reinit
                0x00000000000006dc       0xa4 _build/esb_light/esb.c.o
 .text.esb_init
                0x0000000000000780       0x80 _build/esb_light/esb.c.o
                0x0000000000000780                esb_init
 .text.esb_set_pipeline_address
                0x0000000000000800       0x48 _build/esb_light/esb.c.o
                0x0000000000000800                esb_set_pipeline_address
 .text.esb_start_listening
                0x0000000000000848       0x44 _build/esb_light/esb.c.o
                0x0000000000000848                esb_start_listening
 .text.ITM_SendChar
                0x000000000000088c       0x4e _build/esb_light/debug_swo.c.o
 .text.debug_swo_init
                0x00000000000008da       0x4e _build/esb_light/debug_swo.c.o
                0x00000000000008da                debug_swo_init
 .text.debug_swo_printf
                0x0000000000000928       0x68 _build/esb_light/debug_swo.c.o
                0x0000000000000928                debug_swo_printf
 .text          0x0000000000000990       0x3c _build/esb_light/gcc_startup_nrf52840.S.o
                0x0000000000000990                Reset_Handler
                0x00000000000009b8                NMI_Handler
                0x00000000000009ba                HardFault_Handler
                0x00000000000009bc                MemoryManagement_Handler
                0x00000000000009be                BusFault_Handler
                0x00000000000009c0                UsageFault_Handler
                0x00000000000009c2                SVC_Handler
                0x00000000000009c4                DebugMon_Handler
                0x00000000000009c6                PendSV_Handler
                0x00000000000009c8                SysTick_Handler
                0x00000000000009ca                RTC0_IRQHandler
                0x00000000000009ca                SWI2_EGU2_IRQHandler
                0x00000000000009ca                PWM1_IRQHandler
                0x00000000000009ca                PDM_IRQHandler
                0x00000000000009ca                TEMP_IRQHandler
                0x00000000000009ca                QDEC_IRQHandler
                0x00000000000009ca                PWM3_IRQHandler
                0x00000000000009ca                FPU_IRQHandler
                0x00000000000009ca                USBD_IRQHandler
                0x00000000000009ca                SPIM0_SPIS0_TWIM0_TWIS0_SPI0_TWI0_IRQHandler
                0x00000000000009ca                UARTE0_UART0_IRQHandler
                0x00000000000009ca                CRYPTOCELL_IRQHandler
                0x00000000000009ca                I2S_IRQHandler
                0x00000000000009ca                SWI4_EGU4_IRQHandler
                0x00000000000009ca                UARTE1_IRQHandler
                0x00000000000009ca                SPIM3_IRQHandler
                0x00000000000009ca                PWM2_IRQHandler
                0x00000000000009ca                ECB_IRQHandler
                0x00000000000009ca                SPIM1_SPIS1_TWIM1_TWIS1_SPI1_TWI1_IRQHandler
                0x00000000000009ca                Default_Handler
                0x00000000000009ca                SAADC_IRQHandler
                0x00000000000009ca                CCM_AAR_IRQHandler
                0x00000000000009ca                WDT_IRQHandler
                0x00000000000009ca                SWI5_EGU5_IRQHandler
                0x00000000000009ca                RNG_IRQHandler
                0x00000000000009ca                RTC2_IRQHandler
                0x00000000000009ca                PWM0_IRQHandler
                0x00000000000009ca                SWI3_EGU3_IRQHandler
                0x00000000000009ca                SPIM2_SPIS2_SPI2_IRQHandler
                0x00000000000009ca                NFCT_IRQHandler
                0x00000000000009ca                MWU_IRQHandler
                0x00000000000009ca                QSPI_IRQHandler
                0x00000000000009ca                COMP_LPCOMP_IRQHandler
 .text.__NVIC_EnableIRQ
                0x00000000000009cc       0x3c _build/esb_light/app_timer.c.o
 .text.__NVIC_DisableIRQ
                0x0000000000000a08       0x44 _build/esb_light/app_timer.c.o
 .text.__NVIC_SetPendingIRQ
                0x0000000000000a4c       0x3c _build/esb_light/app_timer.c.o
 .text.__NVIC_ClearPendingIRQ
                0x0000000000000a88       0x3c _build/esb_light/app_timer.c.o
 .text.nrfx_coredep_delay_us
                0x0000000000000ac4       0x30 _build/esb_light/app_timer.c.o
 .text.rtc1_start
                0x0000000000000af4       0x44 _build/esb_light/app_timer.c.o
 .text.rtc1_stop
                0x0000000000000b38       0x54 _build/esb_light/app_timer.c.o
 .text.rtc1_counter_get
                0x0000000000000b8c       0x18 _build/esb_light/app_timer.c.o
 .text.ticks_diff_get
                0x0000000000000ba4       0x20 _build/esb_light/app_timer.c.o
 .text.rtc1_compare0_set
                0x0000000000000bc4       0x20 _build/esb_light/app_timer.c.o
 .text.timer_list_insert
                0x0000000000000be4       0xb4 _build/esb_light/app_timer.c.o
 .text.timer_list_remove
                0x0000000000000c98       0xc0 _build/esb_light/app_timer.c.o
 .text.timer_timeouts_check_sched
                0x0000000000000d58        0xe _build/esb_light/app_timer.c.o
 .text.timer_list_handler_sched
                0x0000000000000d66        0xe _build/esb_light/app_timer.c.o
 .text.timeout_handler_exec
                0x0000000000000d74       0x1c _build/esb_light/app_timer.c.o
 .text.timer_timeouts_check
                0x0000000000000d90       0xc8 _build/esb_light/app_timer.c.o
 .text.elapsed_ticks_acquire
                0x0000000000000e58       0x80 _build/esb_light/app_timer.c.o
 .text.expired_timers_handler
                0x0000000000000ed8       0x9c _build/esb_light/app_timer.c.o
 .text.list_insertions_handler
                0x0000000000000f74      0x1b8 _build/esb_light/app_timer.c.o
 .text.compare_reg_update
                0x000000000000112c       0xb4 _build/esb_light/app_timer.c.o
 .text.timer_list_handler
                0x00000000000011e0       0x74 _build/esb_light/app_timer.c.o
 .text.RTC1_IRQHandler
                0x0000000000001254       0x40 _build/esb_light/app_timer.c.o
                0x0000000000001254                RTC1_IRQHandler
 .text.SWI1_EGU1_IRQHandler
                0x0000000000001294        0xc _build/esb_light/app_timer.c.o
                0x0000000000001294                SWI1_EGU1_IRQHandler
 .text.__NVIC_EnableIRQ
                0x00000000000012a0       0x3c _build/esb_light/nrf_esb.c.o
 .text.__NVIC_DisableIRQ
                0x00000000000012dc       0x44 _build/esb_light/nrf_esb.c.o
 .text.__NVIC_SetPendingIRQ
                0x0000000000001320       0x3c _build/esb_light/nrf_esb.c.o
 .text.__NVIC_ClearPendingIRQ
                0x000000000000135c       0x3c _build/esb_light/nrf_esb.c.o
 .text.__NVIC_SetPriority
                0x0000000000001398       0x54 _build/esb_light/nrf_esb.c.o
 .text.bytewise_bit_swap
                0x00000000000013ec       0x30 _build/esb_light/nrf_esb.c.o
 .text.addr_conv
                0x000000000000141c       0x20 _build/esb_light/nrf_esb.c.o
 .text.update_rf_payload_format_esb_dpl
                0x000000000000143c       0x40 _build/esb_light/nrf_esb.c.o
 .text.update_rf_payload_format_esb
                0x000000000000147c       0x48 _build/esb_light/nrf_esb.c.o
 .text.update_radio_addresses
                0x00000000000014c4       0x7c _build/esb_light/nrf_esb.c.o
 .text.update_radio_tx_power
                0x0000000000001540       0x20 _build/esb_light/nrf_esb.c.o
 .text.update_radio_bitrate
                0x0000000000001560       0x84 _build/esb_light/nrf_esb.c.o
 .text.update_radio_protocol
                0x00000000000015e4       0x40 _build/esb_light/nrf_esb.c.o
 .text.update_radio_crc
                0x0000000000001624       0x78 _build/esb_light/nrf_esb.c.o
 .text.update_radio_parameters
                0x000000000000169c       0x70 _build/esb_light/nrf_esb.c.o
 .text.reset_fifos
                0x000000000000170c       0x3c _build/esb_light/nrf_esb.c.o
 .text.initialize_fifos
                0x0000000000001748       0xf4 _build/esb_light/nrf_esb.c.o
 .text.nrf_esb_skip_tx
                0x000000000000183c       0x60 _build/esb_light/nrf_esb.c.o
                0x000000000000183c                nrf_esb_skip_tx
 .text.rx_fifo_push_rfbuf
                0x000000000000189c      0x11c _build/esb_light/nrf_esb.c.o
 .text.sys_timer_init
                0x00000000000019b8       0x2c _build/esb_light/nrf_esb.c.o
 .text.ppi_init
                0x00000000000019e4       0x74 _build/esb_light/nrf_esb.c.o
 .text.start_tx_transaction
                0x0000000000001a58      0x1f4 _build/esb_light/nrf_esb.c.o
 .text.on_radio_disabled_tx_noack
                0x0000000000001c4c       0x44 _build/esb_light/nrf_esb.c.o
 .text.on_radio_disabled_tx
                0x0000000000001c90       0xac _build/esb_light/nrf_esb.c.o
 .text.on_radio_disabled_tx_wait_for_ack
                0x0000000000001d3c      0x194 _build/esb_light/nrf_esb.c.o
 .text.clear_events_restart_rx
                0x0000000000001ed0       0x70 _build/esb_light/nrf_esb.c.o
 .text.on_radio_disabled_rx
                0x0000000000001f40      0x274 _build/esb_light/nrf_esb.c.o
 .text.on_radio_disabled_rx_ack
                0x00000000000021b4       0x58 _build/esb_light/nrf_esb.c.o
 .text.nrf_esb_get_clear_interrupts
                0x000000000000220c       0x50 _build/esb_light/nrf_esb.c.o
 .text.RADIO_IRQHandler
                0x000000000000225c       0x90 _build/esb_light/nrf_esb.c.o
                0x000000000000225c                RADIO_IRQHandler
 .text.nrf_esb_init
                0x00000000000022ec      0x100 _build/esb_light/nrf_esb.c.o
                0x00000000000022ec                nrf_esb_init
 .text.nrf_esb_disable
                0x00000000000023ec       0x60 _build/esb_light/nrf_esb.c.o
                0x00000000000023ec                nrf_esb_disable
 .text.SWI0_EGU0_IRQHandler
                0x000000000000244c       0x80 _build/esb_light/nrf_esb.c.o
                0x000000000000244c                SWI0_EGU0_IRQHandler
 .text.nrf_esb_read_rx_payload
                0x00000000000024cc       0xdc _build/esb_light/nrf_esb.c.o
                0x00000000000024cc                nrf_esb_read_rx_payload
 .text.nrf_esb_start_tx
                0x00000000000025a8       0x34 _build/esb_light/nrf_esb.c.o
                0x00000000000025a8                nrf_esb_start_tx
 .text.nrf_esb_start_rx
                0x00000000000025dc       0xb0 _build/esb_light/nrf_esb.c.o
                0x00000000000025dc                nrf_esb_start_rx
 .text.nrf_esb_stop_rx
                0x000000000000268c       0x70 _build/esb_light/nrf_esb.c.o
                0x000000000000268c                nrf_esb_stop_rx
 .text.nrf_esb_flush_tx
                0x00000000000026fc       0x44 _build/esb_light/nrf_esb.c.o
                0x00000000000026fc                nrf_esb_flush_tx
 .text.nrf_esb_flush_rx
                0x0000000000002740       0x50 _build/esb_light/nrf_esb.c.o
                0x0000000000002740                nrf_esb_flush_rx
 .text.nrf_esb_set_address_length
                0x0000000000002790       0x54 _build/esb_light/nrf_esb.c.o
                0x0000000000002790                nrf_esb_set_address_length
 .text.nrf_esb_set_base_address_0
                0x00000000000027e4       0x44 _build/esb_light/nrf_esb.c.o
                0x00000000000027e4                nrf_esb_set_base_address_0
 .text.nrf_esb_set_base_address_1
                0x0000000000002828       0x44 _build/esb_light/nrf_esb.c.o
                0x0000000000002828                nrf_esb_set_base_address_1
 .text.nrf_esb_set_prefixes
                0x000000000000286c       0x70 _build/esb_light/nrf_esb.c.o
                0x000000000000286c                nrf_esb_set_prefixes
 .text.nrf_esb_set_rf_channel
                0x00000000000028dc       0x40 _build/esb_light/nrf_esb.c.o
                0x00000000000028dc                nrf_esb_set_rf_channel
 .text.__NVIC_EnableIRQ
                0x000000000000291c       0x3c _build/esb_light/nrfx_gpiote.c.o
 .text.__NVIC_SetPriority
                0x0000000000002958       0x54 _build/esb_light/nrfx_gpiote.c.o
 .text.nrfx_get_irq_number
                0x00000000000029ac       0x1a _build/esb_light/nrfx_gpiote.c.o
 .text._NRFX_IRQ_PRIORITY_SET
                0x00000000000029c6       0x26 _build/esb_light/nrfx_gpiote.c.o
 .text._NRFX_IRQ_ENABLE
                0x00000000000029ec       0x1c _build/esb_light/nrfx_gpiote.c.o
 .text.nrf_gpiote_event_is_set
                0x0000000000002a08       0x28 _build/esb_light/nrfx_gpiote.c.o
 .text.nrf_gpiote_event_clear
                0x0000000000002a30       0x32 _build/esb_light/nrfx_gpiote.c.o
 .text.nrf_gpiote_event_addr_get
                0x0000000000002a62       0x20 _build/esb_light/nrfx_gpiote.c.o
 *fill*         0x0000000000002a82        0x2 
 .text.nrf_gpiote_int_enable
                0x0000000000002a84       0x20 _build/esb_light/nrfx_gpiote.c.o
 .text.nrf_gpiote_int_is_enabled
                0x0000000000002aa4       0x24 _build/esb_light/nrfx_gpiote.c.o
 .text.nrf_gpiote_event_enable
                0x0000000000002ac8       0x34 _build/esb_light/nrfx_gpiote.c.o
 .text.nrf_gpiote_event_configure
                0x0000000000002afc       0x6c _build/esb_light/nrfx_gpiote.c.o
 .text.nrf_gpiote_event_pin_get
                0x0000000000002b68       0x2c _build/esb_light/nrfx_gpiote.c.o
 .text.nrf_gpiote_event_polarity_get
                0x0000000000002b94       0x2c _build/esb_light/nrfx_gpiote.c.o
 .text.nrf_gpio_pin_port_decode
                0x0000000000002bc0       0x34 _build/esb_light/nrfx_gpiote.c.o
 .text.nrf_gpio_cfg
                0x0000000000002bf4       0x54 _build/esb_light/nrfx_gpiote.c.o
 .text.nrf_gpio_cfg_input
                0x0000000000002c48       0x2a _build/esb_light/nrfx_gpiote.c.o
 .text.nrf_gpio_cfg_watcher
                0x0000000000002c72       0x3a _build/esb_light/nrfx_gpiote.c.o
 .text.nrf_gpio_cfg_sense_set
                0x0000000000002cac       0x5a _build/esb_light/nrfx_gpiote.c.o
 .text.nrf_gpio_pin_read
                0x0000000000002d06       0x2c _build/esb_light/nrfx_gpiote.c.o
 .text.nrf_gpio_pin_sense_get
                0x0000000000002d32       0x2e _build/esb_light/nrfx_gpiote.c.o
 .text.nrf_gpio_port_in_read
                0x0000000000002d60       0x1a _build/esb_light/nrfx_gpiote.c.o
 *fill*         0x0000000000002d7a        0x2 
 .text.nrf_gpio_latches_read_and_clear
                0x0000000000002d7c       0x74 _build/esb_light/nrfx_gpiote.c.o
 .text.nrf_gpio_pin_latch_clear
                0x0000000000002df0       0x2a _build/esb_light/nrfx_gpiote.c.o
 .text.nrf_gpio_pin_present_check
                0x0000000000002e1a       0x58 _build/esb_light/nrfx_gpiote.c.o
 .text.nrf_bitmask_bit_is_set
                0x0000000000002e72       0x3a _build/esb_light/nrfx_gpiote.c.o
 .text.nrf_bitmask_bit_set
                0x0000000000002eac       0x4a _build/esb_light/nrfx_gpiote.c.o
 *fill*         0x0000000000002ef6        0x2 
 .text.pin_in_use_by_te
                0x0000000000002ef8       0x44 _build/esb_light/nrfx_gpiote.c.o
 .text.pin_in_use_by_port
                0x0000000000002f3c       0x30 _build/esb_light/nrfx_gpiote.c.o
 .text.pin_in_use_by_gpiote
                0x0000000000002f6c       0x2c _build/esb_light/nrfx_gpiote.c.o
 .text.pin_in_use_by_te_set
                0x0000000000002f98       0x58 _build/esb_light/nrfx_gpiote.c.o
 .text.pin_in_use_clear
                0x0000000000002ff0       0x24 _build/esb_light/nrfx_gpiote.c.o
 .text.pin_configured_set
                0x0000000000003014       0x1c _build/esb_light/nrfx_gpiote.c.o
 .text.channel_port_get
                0x0000000000003030       0x24 _build/esb_light/nrfx_gpiote.c.o
 .text.channel_handler_get
                0x0000000000003054       0x20 _build/esb_light/nrfx_gpiote.c.o
 .text.port_handler_pin_get
                0x0000000000003074       0x2c _build/esb_light/nrfx_gpiote.c.o
 .text.port_handler_polarity_get
                0x00000000000030a0       0x2c _build/esb_light/nrfx_gpiote.c.o
 .text.channel_port_alloc
                0x00000000000030cc       0x74 _build/esb_light/nrfx_gpiote.c.o
 .text.channel_free
                0x0000000000003140       0x3c _build/esb_light/nrfx_gpiote.c.o
 .text.nrfx_gpiote_init
                0x000000000000317c       0xb4 _build/esb_light/nrfx_gpiote.c.o
                0x000000000000317c                nrfx_gpiote_init
 .text.nrfx_gpiote_in_init
                0x0000000000003230       0xe0 _build/esb_light/nrfx_gpiote.c.o
                0x0000000000003230                nrfx_gpiote_in_init
 .text.nrfx_gpiote_in_event_enable
                0x0000000000003310       0xc6 _build/esb_light/nrfx_gpiote.c.o
                0x0000000000003310                nrfx_gpiote_in_event_enable
 .text.latch_pending_read_and_check
                0x00000000000033d6       0x40 _build/esb_light/nrfx_gpiote.c.o
 *fill*         0x0000000000003416        0x2 
 .text.port_event_handle
                0x0000000000003418       0xd0 _build/esb_light/nrfx_gpiote.c.o
 .text.GPIOTE_IRQHandler
                0x00000000000034e8       0xfc _build/esb_light/nrfx_gpiote.c.o
                0x00000000000034e8                GPIOTE_IRQHandler
 .text.nrf_clock_int_disable
                0x00000000000035e4       0x1e _build/esb_light/nrfx_clock.c.o
 .text.nrf_clock_event_clear
                0x0000000000003602       0x2c _build/esb_light/nrfx_clock.c.o
 .text.nrf_clock_event_check
                0x000000000000362e       0x28 _build/esb_light/nrfx_clock.c.o
 *fill*         0x0000000000003656        0x2 
 .text.nrfx_clock_irq_handler
                0x0000000000003658       0x68 _build/esb_light/nrfx_clock.c.o
                0x0000000000003658                nrfx_clock_irq_handler
 .text.nrf_power_event_clear
                0x00000000000036c0       0x2c _build/esb_light/nrfx_power.c.o
 .text.nrf_power_event_check
                0x00000000000036ec       0x28 _build/esb_light/nrfx_power.c.o
 .text.nrf_power_event_get_and_clear
                0x0000000000003714       0x2e _build/esb_light/nrfx_power.c.o
 .text.nrf_power_int_enable_get
                0x0000000000003742       0x16 _build/esb_light/nrfx_power.c.o
 .text.nrfx_power_irq_handler
                0x0000000000003758       0xe0 _build/esb_light/nrfx_power.c.o
                0x0000000000003758                nrfx_power_irq_handler
 .text.POWER_CLOCK_IRQHandler
                0x0000000000003838       0x10 _build/esb_light/nrfx_power.c.o
                0x0000000000003838                POWER_CLOCK_IRQHandler
 .text.__NVIC_EnableIRQ
                0x0000000000003848       0x3c _build/esb_light/nrfx_timer.c.o
 .text.__NVIC_SetPriority
                0x0000000000003884       0x54 _build/esb_light/nrfx_timer.c.o
 .text.nrfx_get_irq_number
                0x00000000000038d8       0x1a _build/esb_light/nrfx_timer.c.o
 .text._NRFX_IRQ_PRIORITY_SET
                0x00000000000038f2       0x26 _build/esb_light/nrfx_timer.c.o
 .text._NRFX_IRQ_ENABLE
                0x0000000000003918       0x1c _build/esb_light/nrfx_timer.c.o
 .text.nrf_timer_task_trigger
                0x0000000000003934       0x22 _build/esb_light/nrfx_timer.c.o
 .text.nrf_timer_event_clear
                0x0000000000003956       0x2e _build/esb_light/nrfx_timer.c.o
 .text.nrf_timer_event_check
                0x0000000000003984       0x2a _build/esb_light/nrfx_timer.c.o
 .text.nrf_timer_int_enable_check
                0x00000000000039ae       0x2a _build/esb_light/nrfx_timer.c.o
 .text.nrf_timer_mode_set
                0x00000000000039d8       0x30 _build/esb_light/nrfx_timer.c.o
 .text.nrf_timer_bit_width_set
                0x0000000000003a08       0x30 _build/esb_light/nrfx_timer.c.o
 .text.nrf_timer_frequency_set
                0x0000000000003a38       0x30 _build/esb_light/nrfx_timer.c.o
 .text.nrf_timer_compare_event_get
                0x0000000000003a68       0x1e _build/esb_light/nrfx_timer.c.o
 .text.nrf_timer_compare_int_get
                0x0000000000003a86       0x1e _build/esb_light/nrfx_timer.c.o
 .text.nrfx_timer_init
                0x0000000000003aa4       0xe0 _build/esb_light/nrfx_timer.c.o
                0x0000000000003aa4                nrfx_timer_init
 .text.nrfx_timer_disable
                0x0000000000003b84       0x38 _build/esb_light/nrfx_timer.c.o
                0x0000000000003b84                nrfx_timer_disable
 .text.nrfx_timer_clear
                0x0000000000003bbc       0x1c _build/esb_light/nrfx_timer.c.o
                0x0000000000003bbc                nrfx_timer_clear
 .text.irq_handler
                0x0000000000003bd8       0x76 _build/esb_light/nrfx_timer.c.o
 *fill*         0x0000000000003c4e        0x2 
 .text.TIMER0_IRQHandler
                0x0000000000003c50       0x1c _build/esb_light/nrfx_timer.c.o
                0x0000000000003c50                TIMER0_IRQHandler
 .text.TIMER1_IRQHandler
                0x0000000000003c6c       0x1c _build/esb_light/nrfx_timer.c.o
                0x0000000000003c6c                TIMER1_IRQHandler
 .text.TIMER2_IRQHandler
                0x0000000000003c88       0x1c _build/esb_light/nrfx_timer.c.o
                0x0000000000003c88                TIMER2_IRQHandler
 .text.TIMER3_IRQHandler
                0x0000000000003ca4       0x1c _build/esb_light/nrfx_timer.c.o
                0x0000000000003ca4                TIMER3_IRQHandler
 .text.TIMER4_IRQHandler
                0x0000000000003cc0       0x1c _build/esb_light/nrfx_timer.c.o
                0x0000000000003cc0                TIMER4_IRQHandler
 .text.nrf_systick_csr_set
                0x0000000000003cdc       0x20 _build/esb_light/nrfx_systick.c.o
 .text.nrf_systick_load_set
                0x0000000000003cfc       0x20 _build/esb_light/nrfx_systick.c.o
 .text.nrfx_systick_init
                0x0000000000003d1c       0x16 _build/esb_light/nrfx_systick.c.o
                0x0000000000003d1c                nrfx_systick_init
 *fill*         0x0000000000003d32        0x2 
 .text.__NVIC_SystemReset
                0x0000000000003d34       0x28 _build/esb_light/system_nrf52840.c.o
 .text.nrf52_errata_36
                0x0000000000003d5c       0x84 _build/esb_light/system_nrf52840.c.o
 .text.nrf52_errata_66
                0x0000000000003de0       0x84 _build/esb_light/system_nrf52840.c.o
 .text.nrf52_errata_98
                0x0000000000003e64       0x5c _build/esb_light/system_nrf52840.c.o
 .text.nrf52_errata_103
                0x0000000000003ec0       0x5c _build/esb_light/system_nrf52840.c.o
 .text.nrf52_errata_115
                0x0000000000003f1c       0x5c _build/esb_light/system_nrf52840.c.o
 .text.nrf52_errata_120
                0x0000000000003f78       0x5c _build/esb_light/system_nrf52840.c.o
 .text.nrf52_errata_136
                0x0000000000003fd4       0x84 _build/esb_light/system_nrf52840.c.o
 .text.SystemCoreClockUpdate
                0x0000000000004058       0x1c _build/esb_light/system_nrf52840.c.o
                0x0000000000004058                SystemCoreClockUpdate
 .text.SystemInit
                0x0000000000004074      0x284 _build/esb_light/system_nrf52840.c.o
                0x0000000000004074                SystemInit
 .text.exit     0x00000000000042f8       0x28 /home/ricardo/opt/gnu-mcu-eclipse/arm-none-eabi-gcc/7.3.1-1.1-20180724-0637/bin/../lib/gcc/arm-none-eabi/7.3.1/../../../../arm-none-eabi/lib/thumb/v7e-m/fpv4-sp/hard/libc_nano.a(lib_a-exit.o)
                0x00000000000042f8                exit
 .text.__libc_init_array
                0x0000000000004320       0x48 /home/ricardo/opt/gnu-mcu-eclipse/arm-none-eabi-gcc/7.3.1-1.1-20180724-0637/bin/../lib/gcc/arm-none-eabi/7.3.1/../../../../arm-none-eabi/lib/thumb/v7e-m/fpv4-sp/hard/libc_nano.a(lib_a-init.o)
                0x0000000000004320                __libc_init_array
 .text.memcpy   0x0000000000004368       0x16 /home/ricardo/opt/gnu-mcu-eclipse/arm-none-eabi-gcc/7.3.1-1.1-20180724-0637/bin/../lib/gcc/arm-none-eabi/7.3.1/../../../../arm-none-eabi/lib/thumb/v7e-m/fpv4-sp/hard/libc_nano.a(lib_a-memcpy-stub.o)
                0x0000000000004368                memcpy
 .text.memset   0x000000000000437e       0x10 /home/ricardo/opt/gnu-mcu-eclipse/arm-none-eabi-gcc/7.3.1-1.1-20180724-0637/bin/../lib/gcc/arm-none-eabi/7.3.1/../../../../arm-none-eabi/lib/thumb/v7e-m/fpv4-sp/hard/libc_nano.a(lib_a-memset.o)
                0x000000000000437e                memset
 .text._vsnprintf_r
                0x000000000000438e       0x58 /home/ricardo/opt/gnu-mcu-eclipse/arm-none-eabi-gcc/7.3.1-1.1-20180724-0637/bin/../lib/gcc/arm-none-eabi/7.3.1/../../../../arm-none-eabi/lib/thumb/v7e-m/fpv4-sp/hard/libc_nano.a(lib_a-vsnprintf.o)
                0x000000000000438e                _vsnprintf_r
                0x000000000000438e                _vsniprintf_r
 *fill*         0x00000000000043e6        0x2 
 .text.vsnprintf
                0x00000000000043e8       0x1c /home/ricardo/opt/gnu-mcu-eclipse/arm-none-eabi-gcc/7.3.1-1.1-20180724-0637/bin/../lib/gcc/arm-none-eabi/7.3.1/../../../../arm-none-eabi/lib/thumb/v7e-m/fpv4-sp/hard/libc_nano.a(lib_a-vsnprintf.o)
                0x00000000000043e8                vsnprintf
                0x00000000000043e8                vsniprintf
 .text.__ssputs_r
                0x0000000000004404       0xb4 /home/ricardo/opt/gnu-mcu-eclipse/arm-none-eabi-gcc/7.3.1-1.1-20180724-0637/bin/../lib/gcc/arm-none-eabi/7.3.1/../../../../arm-none-eabi/lib/thumb/v7e-m/fpv4-sp/hard/libc_nano.a(lib_a-nano-svfprintf.o)
                0x0000000000004404                __ssputs_r
 .text._svfprintf_r
                0x00000000000044b8      0x1f0 /home/ricardo/opt/gnu-mcu-eclipse/arm-none-eabi-gcc/7.3.1-1.1-20180724-0637/bin/../lib/gcc/arm-none-eabi/7.3.1/../../../../arm-none-eabi/lib/thumb/v7e-m/fpv4-sp/hard/libc_nano.a(lib_a-nano-svfprintf.o)
                0x00000000000044b8                _svfprintf_r
                0x00000000000044b8                _svfiprintf_r
 .text._printf_common
                0x00000000000046a8       0xea /home/ricardo/opt/gnu-mcu-eclipse/arm-none-eabi-gcc/7.3.1-1.1-20180724-0637/bin/../lib/gcc/arm-none-eabi/7.3.1/../../../../arm-none-eabi/lib/thumb/v7e-m/fpv4-sp/hard/libc_nano.a(lib_a-nano-vfprintf_i.o)
                0x00000000000046a8                _printf_common
 *fill*         0x0000000000004792        0x2 
 .text._printf_i
                0x0000000000004794      0x224 /home/ricardo/opt/gnu-mcu-eclipse/arm-none-eabi-gcc/7.3.1-1.1-20180724-0637/bin/../lib/gcc/arm-none-eabi/7.3.1/../../../../arm-none-eabi/lib/thumb/v7e-m/fpv4-sp/hard/libc_nano.a(lib_a-nano-vfprintf_i.o)
                0x0000000000004794                _printf_i
 *fill*         0x00000000000049b8        0x8 
 .text          0x00000000000049c0       0xa0 /home/ricardo/opt/gnu-mcu-eclipse/arm-none-eabi-gcc/7.3.1-1.1-20180724-0637/bin/../lib/gcc/arm-none-eabi/7.3.1/../../../../arm-none-eabi/lib/thumb/v7e-m/fpv4-sp/hard/libc_nano.a(lib_a-memchr.o)
                0x00000000000049c0                memchr
 .text.memmove  0x0000000000004a60       0x32 /home/ricardo/opt/gnu-mcu-eclipse/arm-none-eabi-gcc/7.3.1-1.1-20180724-0637/bin/../lib/gcc/arm-none-eabi/7.3.1/../../../../arm-none-eabi/lib/thumb/v7e-m/fpv4-sp/hard/libc_nano.a(lib_a-memmove.o)
                0x0000000000004a60                memmove
 *fill*         0x0000000000004a92        0x2 
 .text._free_r  0x0000000000004a94       0x9c /home/ricardo/opt/gnu-mcu-eclipse/arm-none-eabi-gcc/7.3.1-1.1-20180724-0637/bin/../lib/gcc/arm-none-eabi/7.3.1/../../../../arm-none-eabi/lib/thumb/v7e-m/fpv4-sp/hard/libc_nano.a(lib_a-nano-freer.o)
                0x0000000000004a94                _free_r
 .text._malloc_r
                0x0000000000004b30       0xb4 /home/ricardo/opt/gnu-mcu-eclipse/arm-none-eabi-gcc/7.3.1-1.1-20180724-0637/bin/../lib/gcc/arm-none-eabi/7.3.1/../../../../arm-none-eabi/lib/thumb/v7e-m/fpv4-sp/hard/libc_nano.a(lib_a-nano-mallocr.o)
                0x0000000000004b30                _malloc_r
 .text._realloc_r
                0x0000000000004be4       0x4c /home/ricardo/opt/gnu-mcu-eclipse/arm-none-eabi-gcc/7.3.1-1.1-20180724-0637/bin/../lib/gcc/arm-none-eabi/7.3.1/../../../../arm-none-eabi/lib/thumb/v7e-m/fpv4-sp/hard/libc_nano.a(lib_a-nano-reallocr.o)
                0x0000000000004be4                _realloc_r
 .text._sbrk_r  0x0000000000004c30       0x20 /home/ricardo/opt/gnu-mcu-eclipse/arm-none-eabi-gcc/7.3.1-1.1-20180724-0637/bin/../lib/gcc/arm-none-eabi/7.3.1/../../../../arm-none-eabi/lib/thumb/v7e-m/fpv4-sp/hard/libc_nano.a(lib_a-sbrkr.o)
                0x0000000000004c30                _sbrk_r
 .text.__malloc_lock
                0x0000000000004c50        0x2 /home/ricardo/opt/gnu-mcu-eclipse/arm-none-eabi-gcc/7.3.1-1.1-20180724-0637/bin/../lib/gcc/arm-none-eabi/7.3.1/../../../../arm-none-eabi/lib/thumb/v7e-m/fpv4-sp/hard/libc_nano.a(lib_a-mlock.o)
                0x0000000000004c50                __malloc_lock
 .text.__malloc_unlock
                0x0000000000004c52        0x2 /home/ricardo/opt/gnu-mcu-eclipse/arm-none-eabi-gcc/7.3.1-1.1-20180724-0637/bin/../lib/gcc/arm-none-eabi/7.3.1/../../../../arm-none-eabi/lib/thumb/v7e-m/fpv4-sp/hard/libc_nano.a(lib_a-mlock.o)
                0x0000000000004c52                __malloc_unlock
 .text._malloc_usable_size_r
                0x0000000000004c54       0x10 /home/ricardo/opt/gnu-mcu-eclipse/arm-none-eabi-gcc/7.3.1-1.1-20180724-0637/bin/../lib/gcc/arm-none-eabi/7.3.1/../../../../arm-none-eabi/lib/thumb/v7e-m/fpv4-sp/hard/libc_nano.a(lib_a-nano-msizer.o)
                0x0000000000004c54                _malloc_usable_size_r
 .text._sbrk    0x0000000000004c64       0x1c /home/ricardo/opt/gnu-mcu-eclipse/arm-none-eabi-gcc/7.3.1-1.1-20180724-0637/bin/../lib/gcc/arm-none-eabi/7.3.1/../../../../arm-none-eabi/lib/thumb/v7e-m/fpv4-sp/hard/libnosys.a(sbrk.o)
                0x0000000000004c64                _sbrk
 .text._exit    0x0000000000004c80        0x4 /home/ricardo/opt/gnu-mcu-eclipse/arm-none-eabi-gcc/7.3.1-1.1-20180724-0637/bin/../lib/gcc/arm-none-eabi/7.3.1/../../../../arm-none-eabi/lib/thumb/v7e-m/fpv4-sp/hard/libnosys.a(_exit.o)
                0x0000000000004c80                _exit
 *(.init)
 .init          0x0000000000004c84        0x4 /home/ricardo/opt/gnu-mcu-eclipse/arm-none-eabi-gcc/7.3.1-1.1-20180724-0637/bin/../lib/gcc/arm-none-eabi/7.3.1/thumb/v7e-m/fpv4-sp/hard/crti.o
                0x0000000000004c84                _init
 .init          0x0000000000004c88        0x8 /home/ricardo/opt/gnu-mcu-eclipse/arm-none-eabi-gcc/7.3.1-1.1-20180724-0637/bin/../lib/gcc/arm-none-eabi/7.3.1/thumb/v7e-m/fpv4-sp/hard/crtn.o
 *(.fini)
 .fini          0x0000000000004c90        0x4 /home/ricardo/opt/gnu-mcu-eclipse/arm-none-eabi-gcc/7.3.1-1.1-20180724-0637/bin/../lib/gcc/arm-none-eabi/7.3.1/thumb/v7e-m/fpv4-sp/hard/crti.o
                0x0000000000004c90                _fini
 .fini          0x0000000000004c94        0x8 /home/ricardo/opt/gnu-mcu-eclipse/arm-none-eabi-gcc/7.3.1-1.1-20180724-0637/bin/../lib/gcc/arm-none-eabi/7.3.1/thumb/v7e-m/fpv4-sp/hard/crtn.o
 *crtbegin.o(.ctors)
 *crtbegin?.o(.ctors)
 *(EXCLUDE_FILE(*crtend.o *crtend?.o) .ctors)
 *(SORT_BY_NAME(.ctors.*))
 *(.ctors)
 *crtbegin.o(.dtors)
 *crtbegin?.o(.dtors)
 *(EXCLUDE_FILE(*crtend.o *crtend?.o) .dtors)
 *(SORT_BY_NAME(.dtors.*))
 *(.dtors)
 *(.rodata*)
 .rodata        0x0000000000004c9c       0x41 _build/esb_light/main.c.o
 *fill*         0x0000000000004cdd        0x3 
 .rodata.g_timebase_timer
                0x0000000000004ce0        0x8 _build/esb_light/timebase.c.o
                0x0000000000004ce0                g_timebase_timer
 .rodata        0x0000000000004ce8       0x4b _build/esb_light/esb.c.o
 *fill*         0x0000000000004d33        0xd 
 .rodata.delay_machine_code.8721
                0x0000000000004d40        0x6 _build/esb_light/app_timer.c.o
 *fill*         0x0000000000004d46        0x2 
 .rodata        0x0000000000004d48        0x8 _build/esb_light/nrfx_gpiote.c.o
 .rodata._global_impure_ptr
                0x0000000000004d50        0x4 /home/ricardo/opt/gnu-mcu-eclipse/arm-none-eabi-gcc/7.3.1-1.1-20180724-0637/bin/../lib/gcc/arm-none-eabi/7.3.1/../../../../arm-none-eabi/lib/thumb/v7e-m/fpv4-sp/hard/libc_nano.a(lib_a-impure.o)
                0x0000000000004d50                _global_impure_ptr
 .rodata._svfprintf_r.str1.1
                0x0000000000004d54       0x11 /home/ricardo/opt/gnu-mcu-eclipse/arm-none-eabi-gcc/7.3.1-1.1-20180724-0637/bin/../lib/gcc/arm-none-eabi/7.3.1/../../../../arm-none-eabi/lib/thumb/v7e-m/fpv4-sp/hard/libc_nano.a(lib_a-nano-svfprintf.o)
 .rodata._printf_i.str1.1
                0x0000000000004d65       0x22 /home/ricardo/opt/gnu-mcu-eclipse/arm-none-eabi-gcc/7.3.1-1.1-20180724-0637/bin/../lib/gcc/arm-none-eabi/7.3.1/../../../../arm-none-eabi/lib/thumb/v7e-m/fpv4-sp/hard/libc_nano.a(lib_a-nano-vfprintf_i.o)
 *(.eh_frame*)
 *fill*         0x0000000000004d87        0x1 
 .eh_frame      0x0000000000004d88        0x0 /home/ricardo/opt/gnu-mcu-eclipse/arm-none-eabi-gcc/7.3.1-1.1-20180724-0637/bin/../lib/gcc/arm-none-eabi/7.3.1/thumb/v7e-m/fpv4-sp/hard/crtbegin.o
 .eh_frame      0x0000000000004d88        0x4 /home/ricardo/opt/gnu-mcu-eclipse/arm-none-eabi-gcc/7.3.1-1.1-20180724-0637/bin/../lib/gcc/arm-none-eabi/7.3.1/thumb/v7e-m/fpv4-sp/hard/crtend.o

.glue_7         0x0000000000004d8c        0x0
 .glue_7        0x0000000000004d8c        0x0 linker stubs

.glue_7t        0x0000000000004d8c        0x0
 .glue_7t       0x0000000000004d8c        0x0 linker stubs

.vfp11_veneer   0x0000000000004d8c        0x0
 .vfp11_veneer  0x0000000000004d8c        0x0 linker stubs

.v4_bx          0x0000000000004d8c        0x0
 .v4_bx         0x0000000000004d8c        0x0 linker stubs

.iplt           0x0000000000004d8c        0x0
 .iplt          0x0000000000004d8c        0x0 /home/ricardo/opt/gnu-mcu-eclipse/arm-none-eabi-gcc/7.3.1-1.1-20180724-0637/bin/../lib/gcc/arm-none-eabi/7.3.1/thumb/v7e-m/fpv4-sp/hard/crtbegin.o

.mem_section_dummy_rom

.log_const_data
                0x0000000000004d8c        0x0
                [!provide]                        PROVIDE (__start_log_const_data = .)
 *(SORT_BY_NAME(.log_const_data*))
                [!provide]                        PROVIDE (__stop_log_const_data = .)

.log_backends   0x0000000000004d8c        0x0
                [!provide]                        PROVIDE (__start_log_backends = .)
 *(SORT_BY_NAME(.log_backends*))
                [!provide]                        PROVIDE (__stop_log_backends = .)

.nrf_balloc     0x0000000000004d8c        0x0
                [!provide]                        PROVIDE (__start_nrf_balloc = .)
 *(.nrf_balloc)
                [!provide]                        PROVIDE (__stop_nrf_balloc = .)

.ARM.extab
 *(.ARM.extab* .gnu.linkonce.armextab.*)
                0x0000000000004d8c                __exidx_start = .

.ARM.exidx      0x0000000000004d8c        0x8
 *(.ARM.exidx* .gnu.linkonce.armexidx.*)
 .ARM.exidx     0x0000000000004d8c        0x8 /home/ricardo/opt/gnu-mcu-eclipse/arm-none-eabi-gcc/7.3.1-1.1-20180724-0637/bin/../lib/gcc/arm-none-eabi/7.3.1/../../../../arm-none-eabi/lib/thumb/v7e-m/fpv4-sp/hard/crt0.o
                0x0000000000004d94                __exidx_end = .
                0x0000000000004d94                __etext = .

.rel.dyn        0x0000000000004d94        0x0
 .rel.iplt      0x0000000000004d94        0x0 /home/ricardo/opt/gnu-mcu-eclipse/arm-none-eabi-gcc/7.3.1-1.1-20180724-0637/bin/../lib/gcc/arm-none-eabi/7.3.1/thumb/v7e-m/fpv4-sp/hard/crtbegin.o

.data           0x0000000020000000       0xb4 load address 0x0000000000004d94
                0x0000000020000000                __data_start__ = .
 *(vtable)
 *(.data*)
 .data.esb_listener_address
                0x0000000020000000        0x5 _build/esb_light/main.c.o
 *fill*         0x0000000020000005        0x3 
 .data.g_nrf_esb_config
                0x0000000020000008       0x18 _build/esb_light/esb.c.o
 .data.g_pipe_addr
                0x0000000020000020        0xa _build/esb_light/esb.c.o
 *fill*         0x000000002000002a        0x2 
 .data.m_esb_addr
                0x000000002000002c       0x14 _build/esb_light/nrf_esb.c.o
 .data.m_radio_shorts_common
                0x0000000020000040        0x4 _build/esb_light/nrf_esb.c.o
 .data.SystemCoreClock
                0x0000000020000044        0x4 _build/esb_light/system_nrf52840.c.o
                0x0000000020000044                SystemCoreClock
 .data._impure_ptr
                0x0000000020000048        0x4 /home/ricardo/opt/gnu-mcu-eclipse/arm-none-eabi-gcc/7.3.1-1.1-20180724-0637/bin/../lib/gcc/arm-none-eabi/7.3.1/../../../../arm-none-eabi/lib/thumb/v7e-m/fpv4-sp/hard/libc_nano.a(lib_a-impure.o)
                0x0000000020000048                _impure_ptr
 .data.impure_data
                0x000000002000004c       0x60 /home/ricardo/opt/gnu-mcu-eclipse/arm-none-eabi-gcc/7.3.1-1.1-20180724-0637/bin/../lib/gcc/arm-none-eabi/7.3.1/../../../../arm-none-eabi/lib/thumb/v7e-m/fpv4-sp/hard/libc_nano.a(lib_a-impure.o)
                0x00000000200000ac                . = ALIGN (0x4)
                0x00000000200000ac                PROVIDE (__preinit_array_start = .)
 *(.preinit_array)
                0x00000000200000ac                PROVIDE (__preinit_array_end = .)
                0x00000000200000ac                . = ALIGN (0x4)
                0x00000000200000ac                PROVIDE (__init_array_start = .)
 *(SORT_BY_NAME(.init_array.*))
 *(.init_array)
 .init_array    0x00000000200000ac        0x4 /home/ricardo/opt/gnu-mcu-eclipse/arm-none-eabi-gcc/7.3.1-1.1-20180724-0637/bin/../lib/gcc/arm-none-eabi/7.3.1/thumb/v7e-m/fpv4-sp/hard/crtbegin.o
                0x00000000200000b0                PROVIDE (__init_array_end = .)
                0x00000000200000b0                . = ALIGN (0x4)
                [!provide]                        PROVIDE (__fini_array_start = .)
 *(SORT_BY_NAME(.fini_array.*))
 *(.fini_array)
 .fini_array    0x00000000200000b0        0x4 /home/ricardo/opt/gnu-mcu-eclipse/arm-none-eabi-gcc/7.3.1-1.1-20180724-0637/bin/../lib/gcc/arm-none-eabi/7.3.1/thumb/v7e-m/fpv4-sp/hard/crtbegin.o
                [!provide]                        PROVIDE (__fini_array_end = .)
 *(.jcr*)
                0x00000000200000b4                . = ALIGN (0x4)
                0x00000000200000b4                __data_end__ = .
LOAD /home/ricardo/opt/gnu-mcu-eclipse/arm-none-eabi-gcc/7.3.1-1.1-20180724-0637/bin/../lib/gcc/arm-none-eabi/7.3.1/thumb/v7e-m/fpv4-sp/hard/crti.o
LOAD /home/ricardo/opt/gnu-mcu-eclipse/arm-none-eabi-gcc/7.3.1-1.1-20180724-0637/bin/../lib/gcc/arm-none-eabi/7.3.1/thumb/v7e-m/fpv4-sp/hard/crtbegin.o
LOAD /home/ricardo/opt/gnu-mcu-eclipse/arm-none-eabi-gcc/7.3.1-1.1-20180724-0637/bin/../lib/gcc/arm-none-eabi/7.3.1/../../../../arm-none-eabi/lib/thumb/v7e-m/fpv4-sp/hard/crt0.o
LOAD _build/esb_light/main.c.o
LOAD _build/esb_light/timebase.c.o
LOAD _build/esb_light/esb.c.o
LOAD _build/esb_light/debug_swo.c.o
LOAD _build/esb_light/gcc_startup_nrf52840.S.o
LOAD _build/esb_light/boards.c.o
LOAD _build/esb_light/app_timer.c.o
LOAD _build/esb_light/app_util_platform.c.o
LOAD _build/esb_light/nrf_assert.c.o
LOAD _build/esb_light/nrf_strerror.c.o
LOAD _build/esb_light/nrf_sortlist.c.o
LOAD _build/esb_light/app_error.c.o
LOAD _build/esb_light/app_error_handler_gcc.c.o
LOAD _build/esb_light/app_error_weak.c.o
LOAD _build/esb_light/nrf_esb.c.o
LOAD _build/esb_light/nrfx_gpiote.c.o
LOAD _build/esb_light/nrfx_clock.c.o
LOAD _build/esb_light/nrfx_power.c.o
LOAD _build/esb_light/nrfx_timer.c.o
LOAD _build/esb_light/nrfx_systick.c.o
LOAD _build/esb_light/system_nrf52840.c.o
LOAD _build/esb_light/nrf_drv_clock.c.o
LOAD _build/esb_light/nrf_drv_power.c.o
LOAD /home/ricardo/opt/gnu-mcu-eclipse/arm-none-eabi-gcc/7.3.1-1.1-20180724-0637/bin/../lib/gcc/arm-none-eabi/7.3.1/../../../../arm-none-eabi/lib/thumb/v7e-m/fpv4-sp/hard/libc_nano.a
LOAD /home/ricardo/opt/gnu-mcu-eclipse/arm-none-eabi-gcc/7.3.1-1.1-20180724-0637/bin/../lib/gcc/arm-none-eabi/7.3.1/../../../../arm-none-eabi/lib/thumb/v7e-m/fpv4-sp/hard/libnosys.a
LOAD /home/ricardo/opt/gnu-mcu-eclipse/arm-none-eabi-gcc/7.3.1-1.1-20180724-0637/bin/../lib/gcc/arm-none-eabi/7.3.1/../../../../arm-none-eabi/lib/thumb/v7e-m/fpv4-sp/hard/libm.a
START GROUP
LOAD /home/ricardo/opt/gnu-mcu-eclipse/arm-none-eabi-gcc/7.3.1-1.1-20180724-0637/bin/../lib/gcc/arm-none-eabi/7.3.1/thumb/v7e-m/fpv4-sp/hard/libgcc.a
LOAD /home/ricardo/opt/gnu-mcu-eclipse/arm-none-eabi-gcc/7.3.1-1.1-20180724-0637/bin/../lib/gcc/arm-none-eabi/7.3.1/../../../../arm-none-eabi/lib/thumb/v7e-m/fpv4-sp/hard/libg_nano.a
LOAD /home/ricardo/opt/gnu-mcu-eclipse/arm-none-eabi-gcc/7.3.1-1.1-20180724-0637/bin/../lib/gcc/arm-none-eabi/7.3.1/../../../../arm-none-eabi/lib/thumb/v7e-m/fpv4-sp/hard/libc_nano.a
END GROUP
START GROUP
LOAD /home/ricardo/opt/gnu-mcu-eclipse/arm-none-eabi-gcc/7.3.1-1.1-20180724-0637/bin/../lib/gcc/arm-none-eabi/7.3.1/thumb/v7e-m/fpv4-sp/hard/libgcc.a
LOAD /home/ricardo/opt/gnu-mcu-eclipse/arm-none-eabi-gcc/7.3.1-1.1-20180724-0637/bin/../lib/gcc/arm-none-eabi/7.3.1/../../../../arm-none-eabi/lib/thumb/v7e-m/fpv4-sp/hard/libc_nano.a
END GROUP
LOAD /home/ricardo/opt/gnu-mcu-eclipse/arm-none-eabi-gcc/7.3.1-1.1-20180724-0637/bin/../lib/gcc/arm-none-eabi/7.3.1/thumb/v7e-m/fpv4-sp/hard/crtend.o
LOAD /home/ricardo/opt/gnu-mcu-eclipse/arm-none-eabi-gcc/7.3.1-1.1-20180724-0637/bin/../lib/gcc/arm-none-eabi/7.3.1/thumb/v7e-m/fpv4-sp/hard/crtn.o
START GROUP
LOAD /home/ricardo/opt/gnu-mcu-eclipse/arm-none-eabi-gcc/7.3.1-1.1-20180724-0637/bin/../lib/gcc/arm-none-eabi/7.3.1/thumb/v7e-m/fpv4-sp/hard/libgcc.a
LOAD /home/ricardo/opt/gnu-mcu-eclipse/arm-none-eabi-gcc/7.3.1-1.1-20180724-0637/bin/../lib/gcc/arm-none-eabi/7.3.1/../../../../arm-none-eabi/lib/thumb/v7e-m/fpv4-sp/hard/libc.a
LOAD /home/ricardo/opt/gnu-mcu-eclipse/arm-none-eabi-gcc/7.3.1-1.1-20180724-0637/bin/../lib/gcc/arm-none-eabi/7.3.1/../../../../arm-none-eabi/lib/thumb/v7e-m/fpv4-sp/hard/libnosys.a
END GROUP

.tm_clone_table
                0x00000000200000b4        0x0 load address 0x0000000000004e48
 .tm_clone_table
                0x00000000200000b4        0x0 /home/ricardo/opt/gnu-mcu-eclipse/arm-none-eabi-gcc/7.3.1-1.1-20180724-0637/bin/../lib/gcc/arm-none-eabi/7.3.1/thumb/v7e-m/fpv4-sp/hard/crtbegin.o
 .tm_clone_table
                0x00000000200000b4        0x0 /home/ricardo/opt/gnu-mcu-eclipse/arm-none-eabi-gcc/7.3.1-1.1-20180724-0637/bin/../lib/gcc/arm-none-eabi/7.3.1/thumb/v7e-m/fpv4-sp/hard/crtend.o

.igot.plt       0x00000000200000b4        0x0 load address 0x0000000000004e48
 .igot.plt      0x00000000200000b4        0x0 /home/ricardo/opt/gnu-mcu-eclipse/arm-none-eabi-gcc/7.3.1-1.1-20180724-0637/bin/../lib/gcc/arm-none-eabi/7.3.1/thumb/v7e-m/fpv4-sp/hard/crtbegin.o
                0x00000000200000b4                . = ALIGN (0x4)

.mem_section_dummy_ram

.log_dynamic_data
                0x00000000200000b4        0x0
                [!provide]                        PROVIDE (__start_log_dynamic_data = .)
 *(SORT_BY_NAME(.log_dynamic_data*))
                [!provide]                        PROVIDE (__stop_log_dynamic_data = .)

.log_filter_data
                0x00000000200000b4        0x0
                [!provide]                        PROVIDE (__start_log_filter_data = .)
 *(SORT_BY_NAME(.log_filter_data*))
                [!provide]                        PROVIDE (__stop_log_filter_data = .)

.bss            0x00000000200000b4      0x608 load address 0x0000000000004e48
                0x00000000200000b4                . = ALIGN (0x4)
                0x00000000200000b4                __bss_start__ = .
 *(.bss*)
 .bss.completed.7761
                0x00000000200000b4        0x1 /home/ricardo/opt/gnu-mcu-eclipse/arm-none-eabi-gcc/7.3.1-1.1-20180724-0637/bin/../lib/gcc/arm-none-eabi/7.3.1/thumb/v7e-m/fpv4-sp/hard/crtbegin.o
 *fill*         0x00000000200000b5        0x3 
 .bss.object.7766
                0x00000000200000b8       0x18 /home/ricardo/opt/gnu-mcu-eclipse/arm-none-eabi-gcc/7.3.1-1.1-20180724-0637/bin/../lib/gcc/arm-none-eabi/7.3.1/thumb/v7e-m/fpv4-sp/hard/crtbegin.o
 .bss.test_flag
                0x00000000200000d0        0x4 _build/esb_light/main.c.o
 .bss.g_timeout_flag
                0x00000000200000d4        0x1 _build/esb_light/timebase.c.o
                0x00000000200000d4                g_timeout_flag
 *fill*         0x00000000200000d5        0x3 
 .bss.rx_payload
                0x00000000200000d8       0x25 _build/esb_light/esb.c.o
 .bss.g_initialized
                0x00000000200000fd        0x1 _build/esb_light/esb.c.o
 .bss.g_tx_busy
                0x00000000200000fe        0x1 _build/esb_light/esb.c.o
 *fill*         0x00000000200000ff        0x1 
 .bss.g_listener_callbacks
                0x0000000020000100        0x8 _build/esb_light/esb.c.o
 .bss.m_op_queue
                0x0000000020000108      0x10c _build/esb_light/app_timer.c.o
 .bss.mp_timer_id_head
                0x0000000020000214        0x4 _build/esb_light/app_timer.c.o
 .bss.m_ticks_latest
                0x0000000020000218        0x4 _build/esb_light/app_timer.c.o
 .bss.m_ticks_elapsed
                0x000000002000021c        0x8 _build/esb_light/app_timer.c.o
 .bss.m_ticks_elapsed_q_read_ind
                0x0000000020000224        0x1 _build/esb_light/app_timer.c.o
 .bss.m_ticks_elapsed_q_write_ind
                0x0000000020000225        0x1 _build/esb_light/app_timer.c.o
 .bss.m_rtc1_running
                0x0000000020000226        0x1 _build/esb_light/app_timer.c.o
 .bss.m_rtc1_reset
                0x0000000020000227        0x1 _build/esb_light/app_timer.c.o
 .bss.m_esb_initialized
                0x0000000020000228        0x1 _build/esb_light/nrf_esb.c.o
 .bss.m_nrf_esb_mainstate
                0x0000000020000229        0x1 _build/esb_light/nrf_esb.c.o
 *fill*         0x000000002000022a        0x2 
 .bss.mp_current_payload
                0x000000002000022c        0x4 _build/esb_light/nrf_esb.c.o
 .bss.m_event_handler
                0x0000000020000230        0x4 _build/esb_light/nrf_esb.c.o
 .bss.m_config_local
                0x0000000020000234       0x18 _build/esb_light/nrf_esb.c.o
 .bss.m_tx_fifo_payload
                0x000000002000024c      0x128 _build/esb_light/nrf_esb.c.o
 .bss.m_tx_fifo
                0x0000000020000374       0x2c _build/esb_light/nrf_esb.c.o
 .bss.m_rx_fifo_payload
                0x00000000200003a0      0x128 _build/esb_light/nrf_esb.c.o
 .bss.m_rx_fifo
                0x00000000200004c8       0x2c _build/esb_light/nrf_esb.c.o
 .bss.m_tx_payload_buffer
                0x00000000200004f4       0x22 _build/esb_light/nrf_esb.c.o
 *fill*         0x0000000020000516        0x2 
 .bss.m_rx_payload_buffer
                0x0000000020000518       0x22 _build/esb_light/nrf_esb.c.o
 *fill*         0x000000002000053a        0x2 
 .bss.m_interrupt_flags
                0x000000002000053c        0x4 _build/esb_light/nrf_esb.c.o
 .bss.m_pids    0x0000000020000540        0x8 _build/esb_light/nrf_esb.c.o
 .bss.m_rx_pipe_info
                0x0000000020000548       0x20 _build/esb_light/nrf_esb.c.o
 .bss.m_retransmits_remaining
                0x0000000020000568        0x4 _build/esb_light/nrf_esb.c.o
 .bss.m_last_tx_attempts
                0x000000002000056c        0x4 _build/esb_light/nrf_esb.c.o
 .bss.m_wait_for_ack_timeout_us
                0x0000000020000570        0x4 _build/esb_light/nrf_esb.c.o
 .bss.on_radio_disabled
                0x0000000020000574        0x4 _build/esb_light/nrf_esb.c.o
 .bss.on_radio_end
                0x0000000020000578        0x4 _build/esb_light/nrf_esb.c.o
 .bss.update_rf_payload_format
                0x000000002000057c        0x4 _build/esb_light/nrf_esb.c.o
 .bss.m_cb      0x0000000020000580       0x5c _build/esb_light/nrfx_gpiote.c.o
 .bss.m_clock_cb
                0x00000000200005dc        0x8 _build/esb_light/nrfx_clock.c.o
 .bss.m_pofwarn_handler
                0x00000000200005e4        0x4 _build/esb_light/nrfx_power.c.o
 .bss.m_sleepevt_handler
                0x00000000200005e8        0x4 _build/esb_light/nrfx_power.c.o
 .bss.m_usbevt_handler
                0x00000000200005ec        0x4 _build/esb_light/nrfx_power.c.o
 .bss.m_cb      0x00000000200005f0       0x3c _build/esb_light/nrfx_timer.c.o
 .bss.__malloc_free_list
                0x000000002000062c        0x4 /home/ricardo/opt/gnu-mcu-eclipse/arm-none-eabi-gcc/7.3.1-1.1-20180724-0637/bin/../lib/gcc/arm-none-eabi/7.3.1/../../../../arm-none-eabi/lib/thumb/v7e-m/fpv4-sp/hard/libc_nano.a(lib_a-nano-mallocr.o)
                0x000000002000062c                __malloc_free_list
 .bss.__malloc_sbrk_start
                0x0000000020000630        0x4 /home/ricardo/opt/gnu-mcu-eclipse/arm-none-eabi-gcc/7.3.1-1.1-20180724-0637/bin/../lib/gcc/arm-none-eabi/7.3.1/../../../../arm-none-eabi/lib/thumb/v7e-m/fpv4-sp/hard/libc_nano.a(lib_a-nano-mallocr.o)
                0x0000000020000630                __malloc_sbrk_start
 .bss.heap_end.5377
                0x0000000020000634        0x4 /home/ricardo/opt/gnu-mcu-eclipse/arm-none-eabi-gcc/7.3.1-1.1-20180724-0637/bin/../lib/gcc/arm-none-eabi/7.3.1/../../../../arm-none-eabi/lib/thumb/v7e-m/fpv4-sp/hard/libnosys.a(sbrk.o)
 *(COMMON)
 COMMON         0x0000000020000638       0x80 _build/esb_light/nrf_esb.c.o
                0x0000000020000638                m_ack_pl_container_entry_point_pr_pipe
                0x0000000020000658                m_ack_pl_container
 COMMON         0x00000000200006b8        0x4 /home/ricardo/opt/gnu-mcu-eclipse/arm-none-eabi-gcc/7.3.1-1.1-20180724-0637/bin/../lib/gcc/arm-none-eabi/7.3.1/../../../../arm-none-eabi/lib/thumb/v7e-m/fpv4-sp/hard/libc_nano.a(lib_a-reent.o)
                0x00000000200006b8                errno
                0x00000000200006bc                . = ALIGN (0x4)
                0x00000000200006bc                __bss_end__ = .

.heap           0x00000000200006c0     0x2000
                0x00000000200006c0                __HeapBase = .
                0x00000000200006c0                __end__ = .
                0x00000000200006c0                PROVIDE (end = .)
 *(.heap*)
 .heap          0x00000000200006c0     0x2000 _build/esb_light/gcc_startup_nrf52840.S.o
                0x00000000200026c0                __HeapLimit = .

.stack_dummy    0x00000000200006c0     0x2000
 *(.stack*)
 .stack         0x00000000200006c0     0x2000 _build/esb_light/gcc_startup_nrf52840.S.o
                0x0000000020040000                __StackTop = (ORIGIN (RAM) + LENGTH (RAM))
                0x000000002003e000                __StackLimit = (__StackTop - SIZEOF (.stack_dummy))
                0x0000000020040000                PROVIDE (__stack = __StackTop)
                0x0000000000000001                ASSERT ((__StackLimit >= __HeapLimit), region RAM overflowed with stack)
                0x00000000000000b4                DataInitFlashUsed = (__bss_start__ - __data_start__)
                0x0000000000004d94                CodeFlashUsed = (__etext - ORIGIN (FLASH))
                0x0000000000004e48                TotalFlashUsed = (CodeFlashUsed + DataInitFlashUsed)
                0x0000000000000001                ASSERT ((TotalFlashUsed <= LENGTH (FLASH)), region FLASH overflowed with .data and user data)
OUTPUT(_build/esb_light.out elf32-littlearm)

.ARM.attributes
                0x0000000000000000       0x30
 .ARM.attributes
                0x0000000000000000       0x22 /home/ricardo/opt/gnu-mcu-eclipse/arm-none-eabi-gcc/7.3.1-1.1-20180724-0637/bin/../lib/gcc/arm-none-eabi/7.3.1/thumb/v7e-m/fpv4-sp/hard/crti.o
 .ARM.attributes
                0x0000000000000022       0x34 /home/ricardo/opt/gnu-mcu-eclipse/arm-none-eabi-gcc/7.3.1-1.1-20180724-0637/bin/../lib/gcc/arm-none-eabi/7.3.1/thumb/v7e-m/fpv4-sp/hard/crtbegin.o
 .ARM.attributes
                0x0000000000000056       0x20 /home/ricardo/opt/gnu-mcu-eclipse/arm-none-eabi-gcc/7.3.1-1.1-20180724-0637/bin/../lib/gcc/arm-none-eabi/7.3.1/../../../../arm-none-eabi/lib/thumb/v7e-m/fpv4-sp/hard/crt0.o
 .ARM.attributes
                0x0000000000000076       0x39 _build/esb_light/main.c.o
 .ARM.attributes
                0x00000000000000af       0x39 _build/esb_light/timebase.c.o
 .ARM.attributes
                0x00000000000000e8       0x39 _build/esb_light/esb.c.o
 .ARM.attributes
                0x0000000000000121       0x39 _build/esb_light/debug_swo.c.o
 .ARM.attributes
                0x000000000000015a       0x20 _build/esb_light/gcc_startup_nrf52840.S.o
 .ARM.attributes
                0x000000000000017a       0x39 _build/esb_light/app_timer.c.o
 .ARM.attributes
                0x00000000000001b3       0x39 _build/esb_light/nrf_esb.c.o
 .ARM.attributes
                0x00000000000001ec       0x39 _build/esb_light/nrfx_gpiote.c.o
 .ARM.attributes
                0x0000000000000225       0x39 _build/esb_light/nrfx_clock.c.o
 .ARM.attributes
                0x000000000000025e       0x39 _build/esb_light/nrfx_power.c.o
 .ARM.attributes
                0x0000000000000297       0x39 _build/esb_light/nrfx_timer.c.o
 .ARM.attributes
                0x00000000000002d0       0x39 _build/esb_light/nrfx_systick.c.o
 .ARM.attributes
                0x0000000000000309       0x39 _build/esb_light/system_nrf52840.c.o
 .ARM.attributes
                0x0000000000000342       0x34 /home/ricardo/opt/gnu-mcu-eclipse/arm-none-eabi-gcc/7.3.1-1.1-20180724-0637/bin/../lib/gcc/arm-none-eabi/7.3.1/../../../../arm-none-eabi/lib/thumb/v7e-m/fpv4-sp/hard/libc_nano.a(lib_a-exit.o)
 .ARM.attributes
                0x0000000000000376       0x34 /home/ricardo/opt/gnu-mcu-eclipse/arm-none-eabi-gcc/7.3.1-1.1-20180724-0637/bin/../lib/gcc/arm-none-eabi/7.3.1/../../../../arm-none-eabi/lib/thumb/v7e-m/fpv4-sp/hard/libc_nano.a(lib_a-impure.o)
 .ARM.attributes
                0x00000000000003aa       0x34 /home/ricardo/opt/gnu-mcu-eclipse/arm-none-eabi-gcc/7.3.1-1.1-20180724-0637/bin/../lib/gcc/arm-none-eabi/7.3.1/../../../../arm-none-eabi/lib/thumb/v7e-m/fpv4-sp/hard/libc_nano.a(lib_a-init.o)
 .ARM.attributes
                0x00000000000003de       0x34 /home/ricardo/opt/gnu-mcu-eclipse/arm-none-eabi-gcc/7.3.1-1.1-20180724-0637/bin/../lib/gcc/arm-none-eabi/7.3.1/../../../../arm-none-eabi/lib/thumb/v7e-m/fpv4-sp/hard/libc_nano.a(lib_a-memcpy-stub.o)
 .ARM.attributes
                0x0000000000000412       0x34 /home/ricardo/opt/gnu-mcu-eclipse/arm-none-eabi-gcc/7.3.1-1.1-20180724-0637/bin/../lib/gcc/arm-none-eabi/7.3.1/../../../../arm-none-eabi/lib/thumb/v7e-m/fpv4-sp/hard/libc_nano.a(lib_a-memset.o)
 .ARM.attributes
                0x0000000000000446       0x34 /home/ricardo/opt/gnu-mcu-eclipse/arm-none-eabi-gcc/7.3.1-1.1-20180724-0637/bin/../lib/gcc/arm-none-eabi/7.3.1/../../../../arm-none-eabi/lib/thumb/v7e-m/fpv4-sp/hard/libc_nano.a(lib_a-vsnprintf.o)
 .ARM.attributes
                0x000000000000047a       0x34 /home/ricardo/opt/gnu-mcu-eclipse/arm-none-eabi-gcc/7.3.1-1.1-20180724-0637/bin/../lib/gcc/arm-none-eabi/7.3.1/../../../../arm-none-eabi/lib/thumb/v7e-m/fpv4-sp/hard/libc_nano.a(lib_a-nano-svfprintf.o)
 .ARM.attributes
                0x00000000000004ae       0x34 /home/ricardo/opt/gnu-mcu-eclipse/arm-none-eabi-gcc/7.3.1-1.1-20180724-0637/bin/../lib/gcc/arm-none-eabi/7.3.1/../../../../arm-none-eabi/lib/thumb/v7e-m/fpv4-sp/hard/libc_nano.a(lib_a-nano-vfprintf_i.o)
 .ARM.attributes
                0x00000000000004e2       0x20 /home/ricardo/opt/gnu-mcu-eclipse/arm-none-eabi-gcc/7.3.1-1.1-20180724-0637/bin/../lib/gcc/arm-none-eabi/7.3.1/../../../../arm-none-eabi/lib/thumb/v7e-m/fpv4-sp/hard/libc_nano.a(lib_a-memchr.o)
 .ARM.attributes
                0x0000000000000502       0x34 /home/ricardo/opt/gnu-mcu-eclipse/arm-none-eabi-gcc/7.3.1-1.1-20180724-0637/bin/../lib/gcc/arm-none-eabi/7.3.1/../../../../arm-none-eabi/lib/thumb/v7e-m/fpv4-sp/hard/libc_nano.a(lib_a-memmove.o)
 .ARM.attributes
                0x0000000000000536       0x34 /home/ricardo/opt/gnu-mcu-eclipse/arm-none-eabi-gcc/7.3.1-1.1-20180724-0637/bin/../lib/gcc/arm-none-eabi/7.3.1/../../../../arm-none-eabi/lib/thumb/v7e-m/fpv4-sp/hard/libc_nano.a(lib_a-nano-freer.o)
 .ARM.attributes
                0x000000000000056a       0x34 /home/ricardo/opt/gnu-mcu-eclipse/arm-none-eabi-gcc/7.3.1-1.1-20180724-0637/bin/../lib/gcc/arm-none-eabi/7.3.1/../../../../arm-none-eabi/lib/thumb/v7e-m/fpv4-sp/hard/libc_nano.a(lib_a-nano-mallocr.o)
 .ARM.attributes
                0x000000000000059e       0x34 /home/ricardo/opt/gnu-mcu-eclipse/arm-none-eabi-gcc/7.3.1-1.1-20180724-0637/bin/../lib/gcc/arm-none-eabi/7.3.1/../../../../arm-none-eabi/lib/thumb/v7e-m/fpv4-sp/hard/libc_nano.a(lib_a-nano-reallocr.o)
 .ARM.attributes
                0x00000000000005d2       0x34 /home/ricardo/opt/gnu-mcu-eclipse/arm-none-eabi-gcc/7.3.1-1.1-20180724-0637/bin/../lib/gcc/arm-none-eabi/7.3.1/../../../../arm-none-eabi/lib/thumb/v7e-m/fpv4-sp/hard/libc_nano.a(lib_a-sbrkr.o)
 .ARM.attributes
                0x0000000000000606       0x34 /home/ricardo/opt/gnu-mcu-eclipse/arm-none-eabi-gcc/7.3.1-1.1-20180724-0637/bin/../lib/gcc/arm-none-eabi/7.3.1/../../../../arm-none-eabi/lib/thumb/v7e-m/fpv4-sp/hard/libc_nano.a(lib_a-mlock.o)
 .ARM.attributes
                0x000000000000063a       0x34 /home/ricardo/opt/gnu-mcu-eclipse/arm-none-eabi-gcc/7.3.1-1.1-20180724-0637/bin/../lib/gcc/arm-none-eabi/7.3.1/../../../../arm-none-eabi/lib/thumb/v7e-m/fpv4-sp/hard/libc_nano.a(lib_a-nano-msizer.o)
 .ARM.attributes
                0x000000000000066e       0x34 /home/ricardo/opt/gnu-mcu-eclipse/arm-none-eabi-gcc/7.3.1-1.1-20180724-0637/bin/../lib/gcc/arm-none-eabi/7.3.1/../../../../arm-none-eabi/lib/thumb/v7e-m/fpv4-sp/hard/libc_nano.a(lib_a-reent.o)
 .ARM.attributes
                0x00000000000006a2       0x34 /home/ricardo/opt/gnu-mcu-eclipse/arm-none-eabi-gcc/7.3.1-1.1-20180724-0637/bin/../lib/gcc/arm-none-eabi/7.3.1/../../../../arm-none-eabi/lib/thumb/v7e-m/fpv4-sp/hard/libnosys.a(sbrk.o)
 .ARM.attributes
                0x00000000000006d6       0x34 /home/ricardo/opt/gnu-mcu-eclipse/arm-none-eabi-gcc/7.3.1-1.1-20180724-0637/bin/../lib/gcc/arm-none-eabi/7.3.1/../../../../arm-none-eabi/lib/thumb/v7e-m/fpv4-sp/hard/libnosys.a(_exit.o)
 .ARM.attributes
                0x000000000000070a       0x34 /home/ricardo/opt/gnu-mcu-eclipse/arm-none-eabi-gcc/7.3.1-1.1-20180724-0637/bin/../lib/gcc/arm-none-eabi/7.3.1/thumb/v7e-m/fpv4-sp/hard/crtend.o
 .ARM.attributes
                0x000000000000073e       0x22 /home/ricardo/opt/gnu-mcu-eclipse/arm-none-eabi-gcc/7.3.1-1.1-20180724-0637/bin/../lib/gcc/arm-none-eabi/7.3.1/thumb/v7e-m/fpv4-sp/hard/crtn.o

.comment        0x0000000000000000       0x71
 .comment       0x0000000000000000       0x71 _build/esb_light/main.c.o
                                         0x72 (size before relaxing)
 .comment       0x0000000000000071       0x72 _build/esb_light/timebase.c.o
 .comment       0x0000000000000071       0x72 _build/esb_light/esb.c.o
 .comment       0x0000000000000071       0x72 _build/esb_light/debug_swo.c.o
 .comment       0x0000000000000071       0x72 _build/esb_light/app_timer.c.o
 .comment       0x0000000000000071       0x72 _build/esb_light/nrf_esb.c.o
 .comment       0x0000000000000071       0x72 _build/esb_light/nrfx_gpiote.c.o
 .comment       0x0000000000000071       0x72 _build/esb_light/nrfx_clock.c.o
 .comment       0x0000000000000071       0x72 _build/esb_light/nrfx_power.c.o
 .comment       0x0000000000000071       0x72 _build/esb_light/nrfx_timer.c.o
 .comment       0x0000000000000071       0x72 _build/esb_light/nrfx_systick.c.o
 .comment       0x0000000000000071       0x72 _build/esb_light/system_nrf52840.c.o

.debug_info     0x0000000000000000    0x1476f
 .debug_info    0x0000000000000000     0x1191 _build/esb_light/main.c.o
 .debug_info    0x0000000000001191      0xf4a _build/esb_light/timebase.c.o
 .debug_info    0x00000000000020db      0xede _build/esb_light/esb.c.o
 .debug_info    0x0000000000002fb9      0xecd _build/esb_light/debug_swo.c.o
 .debug_info    0x0000000000003e86       0x26 _build/esb_light/gcc_startup_nrf52840.S.o
 .debug_info    0x0000000000003eac     0x1cab _build/esb_light/app_timer.c.o
 .debug_info    0x0000000000005b57     0x2743 _build/esb_light/nrf_esb.c.o
 .debug_info    0x000000000000829a     0x2992 _build/esb_light/nrfx_gpiote.c.o
 .debug_info    0x000000000000ac2c     0x17a8 _build/esb_light/nrfx_clock.c.o
 .debug_info    0x000000000000c3d4     0x1cf9 _build/esb_light/nrfx_power.c.o
 .debug_info    0x000000000000e0cd     0x1ced _build/esb_light/nrfx_timer.c.o
 .debug_info    0x000000000000fdba      0xbbf _build/esb_light/nrfx_systick.c.o
 .debug_info    0x0000000000010979     0x3df6 _build/esb_light/system_nrf52840.c.o

.debug_abbrev   0x0000000000000000     0x276f
 .debug_abbrev  0x0000000000000000      0x30f _build/esb_light/main.c.o
 .debug_abbrev  0x000000000000030f      0x2d7 _build/esb_light/timebase.c.o
 .debug_abbrev  0x00000000000005e6      0x257 _build/esb_light/esb.c.o
 .debug_abbrev  0x000000000000083d      0x26c _build/esb_light/debug_swo.c.o
 .debug_abbrev  0x0000000000000aa9       0x14 _build/esb_light/gcc_startup_nrf52840.S.o
 .debug_abbrev  0x0000000000000abd      0x400 _build/esb_light/app_timer.c.o
 .debug_abbrev  0x0000000000000ebd      0x4c0 _build/esb_light/nrf_esb.c.o
 .debug_abbrev  0x000000000000137d      0x3f4 _build/esb_light/nrfx_gpiote.c.o
 .debug_abbrev  0x0000000000001771      0x3ad _build/esb_light/nrfx_clock.c.o
 .debug_abbrev  0x0000000000001b1e      0x40d _build/esb_light/nrfx_power.c.o
 .debug_abbrev  0x0000000000001f2b      0x379 _build/esb_light/nrfx_timer.c.o
 .debug_abbrev  0x00000000000022a4      0x2b5 _build/esb_light/nrfx_systick.c.o
 .debug_abbrev  0x0000000000002559      0x216 _build/esb_light/system_nrf52840.c.o

.debug_aranges  0x0000000000000000     0x1688
 .debug_aranges
                0x0000000000000000       0x80 _build/esb_light/main.c.o
 .debug_aranges
                0x0000000000000080       0x60 _build/esb_light/timebase.c.o
 .debug_aranges
                0x00000000000000e0       0x58 _build/esb_light/esb.c.o
 .debug_aranges
                0x0000000000000138       0x30 _build/esb_light/debug_swo.c.o
 .debug_aranges
                0x0000000000000168       0x20 _build/esb_light/gcc_startup_nrf52840.S.o
 .debug_aranges
                0x0000000000000188      0x148 _build/esb_light/app_timer.c.o
 .debug_aranges
                0x00000000000002d0      0x1e0 _build/esb_light/nrf_esb.c.o
 .debug_aranges
                0x00000000000004b0      0x2f0 _build/esb_light/nrfx_gpiote.c.o
 .debug_aranges
                0x00000000000007a0      0x108 _build/esb_light/nrfx_clock.c.o
 .debug_aranges
                0x00000000000008a8      0x140 _build/esb_light/nrfx_power.c.o
 .debug_aranges
                0x00000000000009e8      0x170 _build/esb_light/nrfx_timer.c.o
 .debug_aranges
                0x0000000000000b58       0x70 _build/esb_light/nrfx_systick.c.o
 .debug_aranges
                0x0000000000000bc8      0xac0 _build/esb_light/system_nrf52840.c.o

.debug_ranges   0x0000000000000000     0x15a8
 .debug_ranges  0x0000000000000000       0x70 _build/esb_light/main.c.o
 .debug_ranges  0x0000000000000070       0x50 _build/esb_light/timebase.c.o
 .debug_ranges  0x00000000000000c0       0x48 _build/esb_light/esb.c.o
 .debug_ranges  0x0000000000000108       0x20 _build/esb_light/debug_swo.c.o
 .debug_ranges  0x0000000000000128      0x138 _build/esb_light/app_timer.c.o
 .debug_ranges  0x0000000000000260      0x1d0 _build/esb_light/nrf_esb.c.o
 .debug_ranges  0x0000000000000430      0x2e0 _build/esb_light/nrfx_gpiote.c.o
 .debug_ranges  0x0000000000000710       0xf8 _build/esb_light/nrfx_clock.c.o
 .debug_ranges  0x0000000000000808      0x130 _build/esb_light/nrfx_power.c.o
 .debug_ranges  0x0000000000000938      0x160 _build/esb_light/nrfx_timer.c.o
 .debug_ranges  0x0000000000000a98       0x60 _build/esb_light/nrfx_systick.c.o
 .debug_ranges  0x0000000000000af8      0xab0 _build/esb_light/system_nrf52840.c.o

.debug_macro    0x0000000000000000    0x1a962
 .debug_macro   0x0000000000000000      0x42c _build/esb_light/main.c.o
 .debug_macro   0x000000000000042c      0xa84 _build/esb_light/main.c.o
 .debug_macro   0x0000000000000eb0       0x22 _build/esb_light/main.c.o
 .debug_macro   0x0000000000000ed2       0x22 _build/esb_light/main.c.o
 .debug_macro   0x0000000000000ef4       0x56 _build/esb_light/main.c.o
 .debug_macro   0x0000000000000f4a       0x51 _build/esb_light/main.c.o
 .debug_macro   0x0000000000000f9b       0xef _build/esb_light/main.c.o
 .debug_macro   0x000000000000108a       0x6a _build/esb_light/main.c.o
 .debug_macro   0x00000000000010f4      0x1df _build/esb_light/main.c.o
 .debug_macro   0x00000000000012d3       0x64 _build/esb_light/main.c.o
 .debug_macro   0x0000000000001337       0x18 _build/esb_light/main.c.o
 .debug_macro   0x000000000000134f       0x35 _build/esb_light/main.c.o
 .debug_macro   0x0000000000001384       0x34 _build/esb_light/main.c.o
 .debug_macro   0x00000000000013b8      0x16d _build/esb_light/main.c.o
 .debug_macro   0x0000000000001525       0x58 _build/esb_light/main.c.o
 .debug_macro   0x000000000000157d       0x1f _build/esb_light/main.c.o
 .debug_macro   0x000000000000159c       0x43 _build/esb_light/main.c.o
 .debug_macro   0x00000000000015df       0x20 _build/esb_light/main.c.o
 .debug_macro   0x00000000000015ff      0x18e _build/esb_light/main.c.o
 .debug_macro   0x000000000000178d      0x353 _build/esb_light/main.c.o
 .debug_macro   0x0000000000001ae0       0x10 _build/esb_light/main.c.o
 .debug_macro   0x0000000000001af0       0x35 _build/esb_light/main.c.o
 .debug_macro   0x0000000000001b25      0x7fb _build/esb_light/main.c.o
 .debug_macro   0x0000000000002320      0x8d0 _build/esb_light/main.c.o
 .debug_macro   0x0000000000002bf0      0x16d _build/esb_light/main.c.o
 .debug_macro   0x0000000000002d5d       0x3b _build/esb_light/main.c.o
 .debug_macro   0x0000000000002d98       0x22 _build/esb_light/main.c.o
 .debug_macro   0x0000000000002dba       0x8e _build/esb_light/main.c.o
 .debug_macro   0x0000000000002e48       0xad _build/esb_light/main.c.o
 .debug_macro   0x0000000000002ef5       0x22 _build/esb_light/main.c.o
 .debug_macro   0x0000000000002f17       0x3b _build/esb_light/main.c.o
 .debug_macro   0x0000000000002f52       0x1c _build/esb_light/main.c.o
 .debug_macro   0x0000000000002f6e       0x22 _build/esb_light/main.c.o
 .debug_macro   0x0000000000002f90       0xe3 _build/esb_light/main.c.o
 .debug_macro   0x0000000000003073     0x1011 _build/esb_light/main.c.o
 .debug_macro   0x0000000000004084      0x11f _build/esb_light/main.c.o
 .debug_macro   0x00000000000041a3      0x402 _build/esb_light/main.c.o
 .debug_macro   0x00000000000045a5    0x10c8a _build/esb_light/main.c.o
 .debug_macro   0x000000000001522f      0xa65 _build/esb_light/main.c.o
 .debug_macro   0x0000000000015c94       0x96 _build/esb_light/main.c.o
 .debug_macro   0x0000000000015d2a      0x7bc _build/esb_light/main.c.o
 .debug_macro   0x00000000000164e6       0x16 _build/esb_light/main.c.o
 .debug_macro   0x00000000000164fc       0x55 _build/esb_light/main.c.o
 .debug_macro   0x0000000000016551       0xbe _build/esb_light/main.c.o
 .debug_macro   0x000000000001660f       0x16 _build/esb_light/main.c.o
 .debug_macro   0x0000000000016625      0x45b _build/esb_light/main.c.o
 .debug_macro   0x0000000000016a80       0x59 _build/esb_light/main.c.o
 .debug_macro   0x0000000000016ad9      0x1d1 _build/esb_light/main.c.o
 .debug_macro   0x0000000000016caa      0x14e _build/esb_light/main.c.o
 .debug_macro   0x0000000000016df8       0x45 _build/esb_light/main.c.o
 .debug_macro   0x0000000000016e3d       0x1c _build/esb_light/main.c.o
 .debug_macro   0x0000000000016e59       0x10 _build/esb_light/main.c.o
 .debug_macro   0x0000000000016e69       0x10 _build/esb_light/main.c.o
 .debug_macro   0x0000000000016e79       0xb6 _build/esb_light/main.c.o
 .debug_macro   0x0000000000016f2f       0x16 _build/esb_light/main.c.o
 .debug_macro   0x0000000000016f45      0x129 _build/esb_light/main.c.o
 .debug_macro   0x000000000001706e       0x49 _build/esb_light/main.c.o
 .debug_macro   0x00000000000170b7       0x8c _build/esb_light/main.c.o
 .debug_macro   0x0000000000017143       0x19 _build/esb_light/main.c.o
 .debug_macro   0x000000000001715c       0x1d _build/esb_light/main.c.o
 .debug_macro   0x0000000000017179       0x35 _build/esb_light/main.c.o
 .debug_macro   0x00000000000171ae       0x7b _build/esb_light/main.c.o
 .debug_macro   0x0000000000017229       0x3a _build/esb_light/main.c.o
 .debug_macro   0x0000000000017263       0x1c _build/esb_light/main.c.o
 .debug_macro   0x000000000001727f       0x1c _build/esb_light/main.c.o
 .debug_macro   0x000000000001729b       0x20 _build/esb_light/main.c.o
 .debug_macro   0x00000000000172bb       0x22 _build/esb_light/main.c.o
 .debug_macro   0x00000000000172dd      0x208 _build/esb_light/main.c.o
 .debug_macro   0x00000000000174e5      0x16d _build/esb_light/main.c.o
 .debug_macro   0x0000000000017652       0x17 _build/esb_light/main.c.o
 .debug_macro   0x0000000000017669       0x45 _build/esb_light/main.c.o
 .debug_macro   0x00000000000176ae       0x16 _build/esb_light/main.c.o
 .debug_macro   0x00000000000176c4       0x2e _build/esb_light/main.c.o
 .debug_macro   0x00000000000176f2       0x52 _build/esb_light/main.c.o
 .debug_macro   0x0000000000017744      0x374 _build/esb_light/timebase.c.o
 .debug_macro   0x0000000000017ab8      0x101 _build/esb_light/timebase.c.o
 .debug_macro   0x0000000000017bb9       0x1f _build/esb_light/timebase.c.o
 .debug_macro   0x0000000000017bd8       0x3f _build/esb_light/timebase.c.o
 .debug_macro   0x0000000000017c17       0x16 _build/esb_light/timebase.c.o
 .debug_macro   0x0000000000017c2d      0x34d _build/esb_light/timebase.c.o
 .debug_macro   0x0000000000017f7a       0x10 _build/esb_light/timebase.c.o
 .debug_macro   0x0000000000017f8a       0x22 _build/esb_light/timebase.c.o
 .debug_macro   0x0000000000017fac       0x10 _build/esb_light/timebase.c.o
 .debug_macro   0x0000000000017fbc      0x3b1 _build/esb_light/esb.c.o
 .debug_macro   0x000000000001836d       0x5e _build/esb_light/esb.c.o
 .debug_macro   0x00000000000183cb       0x5c _build/esb_light/esb.c.o
 .debug_macro   0x0000000000018427       0x57 _build/esb_light/esb.c.o
 .debug_macro   0x000000000001847e       0xfb _build/esb_light/esb.c.o
 .debug_macro   0x0000000000018579      0x1fe _build/esb_light/debug_swo.c.o
 .debug_macro   0x0000000000018777       0x97 _build/esb_light/debug_swo.c.o
 .debug_macro   0x000000000001880e       0xf6 _build/esb_light/debug_swo.c.o
 .debug_macro   0x0000000000018904      0x447 _build/esb_light/app_timer.c.o
 .debug_macro   0x0000000000018d4b       0x37 _build/esb_light/app_timer.c.o
 .debug_macro   0x0000000000018d82       0x55 _build/esb_light/app_timer.c.o
 .debug_macro   0x0000000000018dd7       0x16 _build/esb_light/app_timer.c.o
 .debug_macro   0x0000000000018ded       0x3c _build/esb_light/app_timer.c.o
 .debug_macro   0x0000000000018e29       0x16 _build/esb_light/app_timer.c.o
 .debug_macro   0x0000000000018e3f       0x22 _build/esb_light/app_timer.c.o
 .debug_macro   0x0000000000018e61      0x421 _build/esb_light/nrf_esb.c.o
 .debug_macro   0x0000000000019282       0x5b _build/esb_light/nrf_esb.c.o
 .debug_macro   0x00000000000192dd       0x10 _build/esb_light/nrf_esb.c.o
 .debug_macro   0x00000000000192ed      0x443 _build/esb_light/nrfx_gpiote.c.o
 .debug_macro   0x0000000000019730       0x16 _build/esb_light/nrfx_gpiote.c.o
 .debug_macro   0x0000000000019746       0x1c _build/esb_light/nrfx_gpiote.c.o
 .debug_macro   0x0000000000019762       0x10 _build/esb_light/nrfx_gpiote.c.o
 .debug_macro   0x0000000000019772      0x179 _build/esb_light/nrfx_gpiote.c.o
 .debug_macro   0x00000000000198eb       0x42 _build/esb_light/nrfx_gpiote.c.o
 .debug_macro   0x000000000001992d      0x406 _build/esb_light/nrfx_clock.c.o
 .debug_macro   0x0000000000019d33      0x362 _build/esb_light/nrfx_power.c.o
 .debug_macro   0x000000000001a095       0x2e _build/esb_light/nrfx_power.c.o
 .debug_macro   0x000000000001a0c3      0x3fd _build/esb_light/nrfx_timer.c.o
 .debug_macro   0x000000000001a4c0      0x370 _build/esb_light/nrfx_systick.c.o
 .debug_macro   0x000000000001a830      0x132 _build/esb_light/system_nrf52840.c.o

.debug_line     0x0000000000000000     0xb6c7
 .debug_line    0x0000000000000000      0xc06 _build/esb_light/main.c.o
 .debug_line    0x0000000000000c06      0xa2e _build/esb_light/timebase.c.o
 .debug_line    0x0000000000001634      0xa54 _build/esb_light/esb.c.o
 .debug_line    0x0000000000002088      0x4eb _build/esb_light/debug_swo.c.o
 .debug_line    0x0000000000002573       0xab _build/esb_light/gcc_startup_nrf52840.S.o
 .debug_line    0x000000000000261e      0xf97 _build/esb_light/app_timer.c.o
 .debug_line    0x00000000000035b5     0x1281 _build/esb_light/nrf_esb.c.o
 .debug_line    0x0000000000004836     0x148b _build/esb_light/nrfx_gpiote.c.o
 .debug_line    0x0000000000005cc1      0xdfa _build/esb_light/nrfx_clock.c.o
 .debug_line    0x0000000000006abb      0xd3a _build/esb_light/nrfx_power.c.o
 .debug_line    0x00000000000077f5      0xf0c _build/esb_light/nrfx_timer.c.o
 .debug_line    0x0000000000008701      0xa7c _build/esb_light/nrfx_systick.c.o
 .debug_line    0x000000000000917d     0x254a _build/esb_light/system_nrf52840.c.o

.debug_str      0x0000000000000000    0x9515e
 .debug_str     0x0000000000000000    0x8a5b8 _build/esb_light/main.c.o
                                      0x8bfae (size before relaxing)
 .debug_str     0x000000000008a5b8      0xe0b _build/esb_light/timebase.c.o
                                      0x89db1 (size before relaxing)
 .debug_str     0x000000000008b3c3      0x62a _build/esb_light/esb.c.o
                                      0x89fa1 (size before relaxing)
 .debug_str     0x000000000008b9ed       0xb0 _build/esb_light/debug_swo.c.o
                                      0x78949 (size before relaxing)
 .debug_str     0x000000000008ba9d       0x6a _build/esb_light/gcc_startup_nrf52840.S.o
                                         0x8f (size before relaxing)
 .debug_str     0x000000000008bb07     0x1bd8 _build/esb_light/app_timer.c.o
                                      0x8b337 (size before relaxing)
 .debug_str     0x000000000008d6df      0xf56 _build/esb_light/nrf_esb.c.o
                                      0x8b63a (size before relaxing)
 .debug_str     0x000000000008e635     0x316e _build/esb_light/nrfx_gpiote.c.o
                                      0x8e16b (size before relaxing)
 .debug_str     0x00000000000917a3      0x82f _build/esb_light/nrfx_clock.c.o
                                      0x8cda4 (size before relaxing)
 .debug_str     0x0000000000091fd2      0xef5 _build/esb_light/nrfx_power.c.o
                                      0x8a52a (size before relaxing)
 .debug_str     0x0000000000092ec7      0x5e8 _build/esb_light/nrfx_timer.c.o
                                      0x8d6b3 (size before relaxing)
 .debug_str     0x00000000000934af      0x3a0 _build/esb_light/nrfx_systick.c.o
                                      0x8936a (size before relaxing)
 .debug_str     0x000000000009384f     0x190f _build/esb_light/system_nrf52840.c.o
                                      0x76cdc (size before relaxing)

.debug_frame    0x0000000000000000     0x624c
 .debug_frame   0x0000000000000000      0x1e0 _build/esb_light/main.c.o
 .debug_frame   0x00000000000001e0      0x16c _build/esb_light/timebase.c.o
 .debug_frame   0x000000000000034c      0x128 _build/esb_light/esb.c.o
 .debug_frame   0x0000000000000474       0x94 _build/esb_light/debug_swo.c.o
 .debug_frame   0x0000000000000508      0x54c _build/esb_light/app_timer.c.o
 .debug_frame   0x0000000000000a54      0x7c8 _build/esb_light/nrf_esb.c.o
 .debug_frame   0x000000000000121c      0xd7c _build/esb_light/nrfx_gpiote.c.o
 .debug_frame   0x0000000000001f98      0x438 _build/esb_light/nrfx_clock.c.o
 .debug_frame   0x00000000000023d0      0x530 _build/esb_light/nrfx_power.c.o
 .debug_frame   0x0000000000002900      0x65c _build/esb_light/nrfx_timer.c.o
 .debug_frame   0x0000000000002f5c      0x1a4 _build/esb_light/nrfx_systick.c.o
 .debug_frame   0x0000000000003100     0x2d94 _build/esb_light/system_nrf52840.c.o
 .debug_frame   0x0000000000005e94       0x28 /home/ricardo/opt/gnu-mcu-eclipse/arm-none-eabi-gcc/7.3.1-1.1-20180724-0637/bin/../lib/gcc/arm-none-eabi/7.3.1/../../../../arm-none-eabi/lib/thumb/v7e-m/fpv4-sp/hard/libc_nano.a(lib_a-exit.o)
 .debug_frame   0x0000000000005ebc       0x2c /home/ricardo/opt/gnu-mcu-eclipse/arm-none-eabi-gcc/7.3.1-1.1-20180724-0637/bin/../lib/gcc/arm-none-eabi/7.3.1/../../../../arm-none-eabi/lib/thumb/v7e-m/fpv4-sp/hard/libc_nano.a(lib_a-init.o)
 .debug_frame   0x0000000000005ee8       0x28 /home/ricardo/opt/gnu-mcu-eclipse/arm-none-eabi-gcc/7.3.1-1.1-20180724-0637/bin/../lib/gcc/arm-none-eabi/7.3.1/../../../../arm-none-eabi/lib/thumb/v7e-m/fpv4-sp/hard/libc_nano.a(lib_a-memcpy-stub.o)
 .debug_frame   0x0000000000005f10       0x20 /home/ricardo/opt/gnu-mcu-eclipse/arm-none-eabi-gcc/7.3.1-1.1-20180724-0637/bin/../lib/gcc/arm-none-eabi/7.3.1/../../../../arm-none-eabi/lib/thumb/v7e-m/fpv4-sp/hard/libc_nano.a(lib_a-memset.o)
 .debug_frame   0x0000000000005f30       0x4c /home/ricardo/opt/gnu-mcu-eclipse/arm-none-eabi-gcc/7.3.1-1.1-20180724-0637/bin/../lib/gcc/arm-none-eabi/7.3.1/../../../../arm-none-eabi/lib/thumb/v7e-m/fpv4-sp/hard/libc_nano.a(lib_a-vsnprintf.o)
 .debug_frame   0x0000000000005f7c       0x90 /home/ricardo/opt/gnu-mcu-eclipse/arm-none-eabi-gcc/7.3.1-1.1-20180724-0637/bin/../lib/gcc/arm-none-eabi/7.3.1/../../../../arm-none-eabi/lib/thumb/v7e-m/fpv4-sp/hard/libc_nano.a(lib_a-nano-svfprintf.o)
 .debug_frame   0x000000000000600c       0x60 /home/ricardo/opt/gnu-mcu-eclipse/arm-none-eabi-gcc/7.3.1-1.1-20180724-0637/bin/../lib/gcc/arm-none-eabi/7.3.1/../../../../arm-none-eabi/lib/thumb/v7e-m/fpv4-sp/hard/libc_nano.a(lib_a-nano-vfprintf_i.o)
 .debug_frame   0x000000000000606c       0x28 /home/ricardo/opt/gnu-mcu-eclipse/arm-none-eabi-gcc/7.3.1-1.1-20180724-0637/bin/../lib/gcc/arm-none-eabi/7.3.1/../../../../arm-none-eabi/lib/thumb/v7e-m/fpv4-sp/hard/libc_nano.a(lib_a-memmove.o)
 .debug_frame   0x0000000000006094       0x38 /home/ricardo/opt/gnu-mcu-eclipse/arm-none-eabi-gcc/7.3.1-1.1-20180724-0637/bin/../lib/gcc/arm-none-eabi/7.3.1/../../../../arm-none-eabi/lib/thumb/v7e-m/fpv4-sp/hard/libc_nano.a(lib_a-nano-freer.o)
 .debug_frame   0x00000000000060cc       0x2c /home/ricardo/opt/gnu-mcu-eclipse/arm-none-eabi-gcc/7.3.1-1.1-20180724-0637/bin/../lib/gcc/arm-none-eabi/7.3.1/../../../../arm-none-eabi/lib/thumb/v7e-m/fpv4-sp/hard/libc_nano.a(lib_a-nano-mallocr.o)
 .debug_frame   0x00000000000060f8       0x3c /home/ricardo/opt/gnu-mcu-eclipse/arm-none-eabi-gcc/7.3.1-1.1-20180724-0637/bin/../lib/gcc/arm-none-eabi/7.3.1/../../../../arm-none-eabi/lib/thumb/v7e-m/fpv4-sp/hard/libc_nano.a(lib_a-nano-reallocr.o)
 .debug_frame   0x0000000000006134       0x2c /home/ricardo/opt/gnu-mcu-eclipse/arm-none-eabi-gcc/7.3.1-1.1-20180724-0637/bin/../lib/gcc/arm-none-eabi/7.3.1/../../../../arm-none-eabi/lib/thumb/v7e-m/fpv4-sp/hard/libc_nano.a(lib_a-sbrkr.o)
 .debug_frame   0x0000000000006160       0x30 /home/ricardo/opt/gnu-mcu-eclipse/arm-none-eabi-gcc/7.3.1-1.1-20180724-0637/bin/../lib/gcc/arm-none-eabi/7.3.1/../../../../arm-none-eabi/lib/thumb/v7e-m/fpv4-sp/hard/libc_nano.a(lib_a-mlock.o)
 .debug_frame   0x0000000000006190       0x20 /home/ricardo/opt/gnu-mcu-eclipse/arm-none-eabi-gcc/7.3.1-1.1-20180724-0637/bin/../lib/gcc/arm-none-eabi/7.3.1/../../../../arm-none-eabi/lib/thumb/v7e-m/fpv4-sp/hard/libc_nano.a(lib_a-nano-msizer.o)
 .debug_frame   0x00000000000061b0       0x5c /home/ricardo/opt/gnu-mcu-eclipse/arm-none-eabi-gcc/7.3.1-1.1-20180724-0637/bin/../lib/gcc/arm-none-eabi/7.3.1/../../../../arm-none-eabi/lib/thumb/v7e-m/fpv4-sp/hard/libc_nano.a(lib_a-reent.o)
 .debug_frame   0x000000000000620c       0x20 /home/ricardo/opt/gnu-mcu-eclipse/arm-none-eabi-gcc/7.3.1-1.1-20180724-0637/bin/../lib/gcc/arm-none-eabi/7.3.1/../../../../arm-none-eabi/lib/thumb/v7e-m/fpv4-sp/hard/libnosys.a(sbrk.o)
 .debug_frame   0x000000000000622c       0x20 /home/ricardo/opt/gnu-mcu-eclipse/arm-none-eabi-gcc/7.3.1-1.1-20180724-0637/bin/../lib/gcc/arm-none-eabi/7.3.1/../../../../arm-none-eabi/lib/thumb/v7e-m/fpv4-sp/hard/libnosys.a(_exit.o)
